<html>
<body>
<pre>
<h1>礦ision Build Log</h1>
<h2>Tool Versions:</h2>
IDE-Version: μVision V5.24.2.0
Copyright (C) 2017 ARM Ltd and ARM Germany GmbH. All rights reserved.
License Information: yang yang, sdas, LIC=TA3WF-6VBAL-D1EPR-K5HME-GJ9CL-PW6CW
 
Tool Versions:
Toolchain:       MDK-ARM Professional  Version: 5.24.1
Toolchain Path:  C:\Keil_v5\ARM\ARMCC\Bin
C Compiler:      Armcc.exe V5.06 update 5 (build 528)
Assembler:       Armasm.exe V5.06 update 5 (build 528)
Linker/Locator:  ArmLink.exe V5.06 update 5 (build 528)
Library Manager: ArmAr.exe V5.06 update 5 (build 528)
Hex Converter:   FromElf.exe V5.06 update 5 (build 528)
CPU DLL:         SARMCM3.DLL V5.24.1
Dialog DLL:      DCM.DLL V1.16.0.0
Target DLL:      STLink\ST-LINKIII-KEIL_SWO.dll V3.0.1.0
Dialog DLL:      TCM.DLL V1.32.0.0
 
<h2>Project:</h2>
C:\Users\yang\Desktop\gui\ICONVIEW\EMWIN实验23 ICONVIEW小工具\USER\STemWin.uvprojx
Project File Date:  06/18/2018

<h2>Output:</h2>
*** Using Compiler 'V5.06 update 5 (build 528)', folder: 'C:\Keil_v5\ARM\ARMCC\Bin'
Rebuild target 'STemWin MCULCD'
assembling startup_stm32f429xx.s...
compiling stm32f4xx_hal.c...
compiling system_stm32f4xx.c...
compiling stm32f4xx_hal_cortex.c...
compiling stm32f4xx_it.c...
compiling stm32f4xx_hal_gpio.c...
compiling stm32f4xx_hal_pwr.c...
compiling main.c...
compiling stm32f4xx_hal_rcc_ex.c...
compiling stm32f4xx_hal_pwr_ex.c...
compiling stm32f4xx_hal_dma.c...
compiling stm32f4xx_hal_uart.c...
compiling stm32f4xx_hal_usart.c...
compiling stm32f4xx_hal_rcc.c...
compiling stm32f4xx_hal_dma_ex.c...
compiling stm32f4xx_ll_fmc.c...
compiling stm32f4xx_hal_tim_ex.c...
compiling stm32f4xx_hal_sdram.c...
compiling stm32f4xx_hal_sram.c...
compiling stm32f4xx_hal_ltdc.c...
compiling stm32f4xx_hal_tim.c...
compiling stm32f4xx_hal_ltdc_ex.c...
compiling stm32f4xx_hal_dma2d.c...
compiling stm32f4xx_hal_rtc.c...
compiling stm32f4xx_hal_adc_ex.c...
compiling sys.c...
compiling stm32f4xx_hal_adc.c...
compiling stm32f4xx_hal_rtc_ex.c...
compiling delay.c...
compiling led.c...
compiling key.c...
compiling sdram.c...
compiling ltdc.c...
compiling tftlcd.c...
compiling timer.c...
compiling usart.c...
compiling myiic.c...
compiling 24cxx.c...
compiling ctiic.c...
compiling ft5206.c...
compiling ott2001a.c...
compiling gt9147.c...
compiling touch.c...
compiling cpu_c.c...
assembling cpu_a.asm...
compiling cpu_core.c...
compiling lib_str.c...
compiling lib_ascii.c...
compiling lib_math.c...
compiling pcf8574.c...
compiling lib_mem.c...
assembling lib_mem_a.asm...
compiling os_cfg_app.c...
compiling malloc.c...
compiling os_dbg.c...
compiling adc.c...
compiling os_core.c...
compiling rtc.c...
compiling os_int.c...
compiling os_flag.c...
compiling os_mem.c...
compiling os_msg.c...
compiling os_pend_multi.c...
compiling os_mutex.c...
compiling os_prio.c...
compiling bsp.c...
compiling os_q.c...
compiling os_sem.c...
compiling os_stat.c...
compiling os_tick.c...
compiling os_time.c...
assembling os_cpu_a.asm...
compiling os_var.c...
compiling os_tmr.c...
compiling os_task.c...
compiling os_cpu_c.c...
compiling background.c...
..\EMWIN_DEMO\ICONVIEW\background.h(28): warning:  #1-D: last line of file ends without a newline
  	
..\EMWIN_DEMO\ICONVIEW\background.h(28): warning:  #1-D: last line of file ends without a newline
  	
..\EMWIN_DEMO\ICONVIEW\background.c: 2 warnings, 0 errors
compiling os_app_hooks.c...
compiling GUIDRV_Template.c...
compiling GUIConf.c...
compiling GUI_X_Touch_Analog.c...
compiling LCDConf_FlexColor_Template.c...
compiling GUI_X_UCOSIII.c...
compiling iconbitmap.c...
..\EMWIN_DEMO\ICONVIEW\iconbitmap.h(51): warning:  #1-D: last line of file ends without a newline
    
..\EMWIN_DEMO\ICONVIEW\iconbitmap.c(1087): warning:  #1-D: last line of file ends without a newline
   
..\EMWIN_DEMO\ICONVIEW\iconbitmap.c: 2 warnings, 0 errors
compiling iconviewdemo.c...
..\EMWIN_DEMO\ICONVIEW\iconbitmap.h(51): warning:  #1-D: last line of file ends without a newline
    
..\EMWIN_DEMO\ICONVIEW\background.h(28): warning:  #1-D: last line of file ends without a newline
  	
..\EMWIN_DEMO\ICONVIEW\background.h(28): warning:  #1-D: last line of file ends without a newline
  	
..\EMWIN_DEMO\ICONVIEW\iconviewdemo.c: 3 warnings, 0 errors
compiling TestAPP.c...
..\EMWIN_DEMO\ICONVIEW\TestAPP.c(78): warning:  #177-D: variable "Msg"  was declared but never referenced
      WM_MESSAGE Msg;
..\EMWIN_DEMO\ICONVIEW\TestAPP.c(193): warning:  #177-D: variable "adcvalue"  was declared but never referenced
      static u16 adcvalue = 0;
..\EMWIN_DEMO\ICONVIEW\TestAPP.c: 2 warnings, 0 errors
linking...
Program Size: Code=143460 RO-data=212848 RW-data=2752 ZI-data=24421912  
FromELF: creating hex file...
"..\OBJ\Tempate.axf" - 0 Error(s), 9 Warning(s).

<h2>Software Packages used:</h2>

Package Vendor: Keil
                http://www.keil.com/pack/Keil.STM32F4xx_DFP.2.11.0.pack
                Keil.STM32F4xx_DFP.2.11.0
                STMicroelectronics STM32F4 Series Device Support, Drivers and Examples

<h2>Collection of Component include folders:</h2>
  .\RTE\_STemWin_MCULCD
  C:\Keil_v5\ARM\PACK\Keil\STM32F4xx_DFP\2.11.0\Drivers\CMSIS\Device\ST\STM32F4xx\Include

<h2>Collection of Component Files used:</h2>
Build Time Elapsed:  00:00:53
</pre>
</body>
</html>
