Component: ARM Compiler 5.06 update 5 (build 528) Tool: armlink [4d35e2]

==============================================================================

Section Cross References

    startup_stm32f10x_md.o(STACK) refers (Special) to heapauxi.o(.text) for __use_two_region_memory
    startup_stm32f10x_md.o(HEAP) refers (Special) to heapauxi.o(.text) for __use_two_region_memory
    startup_stm32f10x_md.o(RESET) refers (Special) to heapauxi.o(.text) for __use_two_region_memory
    startup_stm32f10x_md.o(RESET) refers to startup_stm32f10x_md.o(STACK) for __initial_sp
    startup_stm32f10x_md.o(RESET) refers to startup_stm32f10x_md.o(.text) for Reset_Handler
    startup_stm32f10x_md.o(RESET) refers to stm32f10x_it.o(.text) for NMI_Handler
    startup_stm32f10x_md.o(RESET) refers to app.o(.text) for TIM2_IRQHandler
    startup_stm32f10x_md.o(RESET) refers to pwm.o(.text) for TIM3_IRQHandler
    startup_stm32f10x_md.o(RESET) refers to pcmsg.o(.text) for USART1_IRQHandler
    startup_stm32f10x_md.o(RESET) refers to busservoctrl.o(.text) for USART2_IRQHandler
    startup_stm32f10x_md.o(RESET) refers to bluetooth.o(.text) for USART3_IRQHandler
    startup_stm32f10x_md.o(.text) refers (Special) to heapauxi.o(.text) for __use_two_region_memory
    startup_stm32f10x_md.o(.text) refers to system_stm32f10x.o(.text) for SystemInit
    startup_stm32f10x_md.o(.text) refers to __main.o(!!!main) for __main
    startup_stm32f10x_md.o(.text) refers to startup_stm32f10x_md.o(HEAP) for Heap_Mem
    startup_stm32f10x_md.o(.text) refers to startup_stm32f10x_md.o(STACK) for Stack_Mem
    stm32f10x_adc.o(.text) refers to stm32f10x_rcc.o(.text) for RCC_APB2PeriphResetCmd
    stm32f10x_bkp.o(.text) refers to stm32f10x_rcc.o(.text) for RCC_BackupResetCmd
    stm32f10x_can.o(.text) refers to stm32f10x_rcc.o(.text) for RCC_APB1PeriphResetCmd
    stm32f10x_cec.o(.text) refers to stm32f10x_rcc.o(.text) for RCC_APB1PeriphResetCmd
    stm32f10x_dac.o(.text) refers to stm32f10x_rcc.o(.text) for RCC_APB1PeriphResetCmd
    stm32f10x_gpio.o(.text) refers to stm32f10x_rcc.o(.text) for RCC_APB2PeriphResetCmd
    stm32f10x_i2c.o(.text) refers to stm32f10x_rcc.o(.text) for RCC_APB1PeriphResetCmd
    stm32f10x_pwr.o(.text) refers to stm32f10x_rcc.o(.text) for RCC_APB1PeriphResetCmd
    stm32f10x_rcc.o(.text) refers to stm32f10x_rcc.o(.data) for APBAHBPrescTable
    stm32f10x_spi.o(.text) refers to stm32f10x_rcc.o(.text) for RCC_APB2PeriphResetCmd
    stm32f10x_tim.o(.text) refers to stm32f10x_rcc.o(.text) for RCC_APB2PeriphResetCmd
    stm32f10x_usart.o(.text) refers to stm32f10x_rcc.o(.text) for RCC_APB2PeriphResetCmd
    stm32f10x_wwdg.o(.text) refers to stm32f10x_rcc.o(.text) for RCC_APB1PeriphResetCmd
    main.o(.text) refers to system_stm32f10x.o(.text) for SystemInit
    main.o(.text) refers to app.o(.text) for InitDelay
    main.o(.text) refers to misc.o(.text) for NVIC_PriorityGroupConfig
    main.o(.text) refers to pwm.o(.text) for InitPWM
    main.o(.text) refers to pcmsg.o(.text) for InitUart1
    main.o(.text) refers to bluetooth.o(.text) for InitUart3
    main.o(.text) refers to ps2gamepad.o(.text) for InitPS2
    main.o(.text) refers to flash.o(.text) for InitFlash
    main.o(.text) refers to busservoctrl.o(.text) for InitBusServoCtrl
    pwm.o(.text) refers to fflt_clz.o(x$fpl$fflt) for __aeabi_i2f
    pwm.o(.text) refers to fflt_clz.o(x$fpl$ffltu) for __aeabi_ui2f
    pwm.o(.text) refers to fdiv.o(x$fpl$fdiv) for __aeabi_fdiv
    pwm.o(.text) refers to fmul.o(x$fpl$fmul) for __aeabi_fmul
    pwm.o(.text) refers to ffix.o(x$fpl$ffix) for __aeabi_f2iz
    pwm.o(.text) refers to misc.o(.text) for NVIC_Init
    pwm.o(.text) refers to stm32f10x_rcc.o(.text) for RCC_APB2PeriphClockCmd
    pwm.o(.text) refers to stm32f10x_gpio.o(.text) for GPIO_Init
    pwm.o(.text) refers to pwm.o(.data) for ServoPwmDutySet
    pwm.o(.text) refers to pwm.o(.bss) for ServoPwmDutyInc
    system_stm32f10x.o(.text) refers to system_stm32f10x.o(.data) for SystemCoreClock
    pcmsg.o(.text) refers to stm32f10x_rcc.o(.text) for RCC_APB2PeriphClockCmd
    pcmsg.o(.text) refers to stm32f10x_gpio.o(.text) for GPIO_Init
    pcmsg.o(.text) refers to stm32f10x_usart.o(.text) for USART_Init
    pcmsg.o(.text) refers to misc.o(.text) for NVIC_Init
    pcmsg.o(.text) refers to flash.o(.text) for FlashEraseSector
    pcmsg.o(.text) refers to pwm.o(.text) for ServoSetPluseAndTime
    pcmsg.o(.text) refers to busservoctrl.o(.text) for BusServoCtrl
    pcmsg.o(.text) refers to robotrun.o(.text) for FullActRun
    pcmsg.o(.text) refers to pcmsg.o(.data) for fFrameStart
    pcmsg.o(.text) refers to pcmsg.o(.bss) for Uart1RxBuffer
    app.o(.text) refers to misc.o(.text) for SysTick_CLKSourceConfig
    app.o(.text) refers to stm32f10x_rcc.o(.text) for RCC_APB2PeriphClockCmd
    app.o(.text) refers to stm32f10x_gpio.o(.text) for GPIO_Init
    app.o(.text) refers to stm32f10x_tim.o(.text) for TIM_TimeBaseInit
    app.o(.text) refers to stm32f10x_adc.o(.text) for ADC_DeInit
[...]
    libinit2.o(.ARM.Collect$$libinit$$00000027) refers to argv_veneer.o(.emb_text) for __ARM_argv_veneer
    rtexit2.o(.ARM.Collect$$rtexit$$00000003) refers to libshutdown.o(.ARM.Collect$$libshutdown$$00000000) for __rt_lib_shutdown
    rtexit2.o(.ARM.Collect$$rtexit$$00000004) refers to sys_exit.o(.text) for _sys_exit
    rtexit2.o(.ARM.exidx) refers to rtexit2.o(.ARM.Collect$$rtexit$$00000001) for .ARM.Collect$$rtexit$$00000001
    rtexit2.o(.ARM.exidx) refers to rtexit2.o(.ARM.Collect$$rtexit$$00000003) for .ARM.Collect$$rtexit$$00000003
    rtexit2.o(.ARM.exidx) refers to rtexit2.o(.ARM.Collect$$rtexit$$00000004) for .ARM.Collect$$rtexit$$00000004
    argv_veneer.o(.emb_text) refers to no_argv.o(.text) for __ARM_get_argv
    sys_exit.o(.text) refers (Special) to use_no_semi.o(.text) for __I$use$semihosting
    sys_exit.o(.text) refers (Special) to indicate_semi.o(.text) for __semihosting_library_function
    _get_argv_nomalloc.o(.text) refers (Special) to hrguard.o(.text) for __heap_region$guard
    _get_argv_nomalloc.o(.text) refers to defsig_rtmem_outer.o(.text) for __rt_SIGRTMEM
    _get_argv_nomalloc.o(.text) refers to sys_command.o(.text) for _sys_command_string
    libshutdown.o(.ARM.Collect$$libshutdown$$00000000) refers (Special) to libshutdown2.o(.ARM.Collect$$libshutdown$$00000002) for __rt_lib_shutdown_cpp_1
    libshutdown.o(.ARM.Collect$$libshutdown$$00000000) refers (Special) to libshutdown2.o(.ARM.Collect$$libshutdown$$00000007) for __rt_lib_shutdown_fp_trap_1
    libshutdown.o(.ARM.Collect$$libshutdown$$00000000) refers (Special) to libshutdown2.o(.ARM.Collect$$libshutdown$$0000000F) for __rt_lib_shutdown_heap_1
    libshutdown.o(.ARM.Collect$$libshutdown$$00000000) refers (Special) to libshutdown2.o(.ARM.Collect$$libshutdown$$00000010) for __rt_lib_shutdown_return
    libshutdown.o(.ARM.Collect$$libshutdown$$00000000) refers (Special) to libshutdown2.o(.ARM.Collect$$libshutdown$$0000000A) for __rt_lib_shutdown_signal_1
    libshutdown.o(.ARM.Collect$$libshutdown$$00000000) refers (Special) to libshutdown2.o(.ARM.Collect$$libshutdown$$00000004) for __rt_lib_shutdown_stdio_1
    libshutdown.o(.ARM.Collect$$libshutdown$$00000000) refers (Special) to libshutdown2.o(.ARM.Collect$$libshutdown$$0000000C) for __rt_lib_shutdown_user_alloc_1
    sys_command.o(.text) refers (Special) to use_no_semi.o(.text) for __I$use$semihosting
    sys_command.o(.text) refers (Special) to indicate_semi.o(.text) for __semihosting_library_function
    defsig_rtmem_outer.o(.text) refers to defsig_rtmem_inner.o(.text) for __rt_SIGRTMEM_inner
    defsig_rtmem_outer.o(.text) refers to defsig_exit.o(.text) for __sig_exit
    defsig_rtmem_formal.o(.text) refers to rt_raise.o(.text) for __rt_raise
    rt_raise.o(.text) refers to __raise.o(.text) for __raise
    rt_raise.o(.text) refers to sys_exit.o(.text) for _sys_exit
    defsig_exit.o(.text) refers to sys_exit.o(.text) for _sys_exit
    defsig_rtmem_inner.o(.text) refers to defsig_general.o(.text) for __default_signal_display
    __raise.o(.text) refers to defsig.o(CL$$defsig) for __default_signal_handler
    defsig_general.o(.text) refers to sys_wrch.o(.text) for _ttywrch
    sys_wrch.o(.text) refers (Special) to use_no_semi.o(.text) for __I$use$semihosting
    sys_wrch.o(.text) refers (Special) to indicate_semi.o(.text) for __semihosting_library_function
    defsig.o(CL$$defsig) refers to defsig_rtmem_inner.o(.text) for __rt_SIGRTMEM_inner
    defsig_abrt_inner.o(.text) refers to defsig_general.o(.text) for __default_signal_display
    defsig_fpe_inner.o(.text) refers to defsig_general.o(.text) for __default_signal_display
    defsig_rtred_inner.o(.text) refers to defsig_general.o(.text) for __default_signal_display
    defsig_stak_inner.o(.text) refers to defsig_general.o(.text) for __default_signal_display
    defsig_pvfn_inner.o(.text) refers to defsig_general.o(.text) for __default_signal_display
    defsig_cppl_inner.o(.text) refers to defsig_general.o(.text) for __default_signal_display
    defsig_segv_inner.o(.text) refers to defsig_general.o(.text) for __default_signal_display
    defsig_other.o(.text) refers to defsig_general.o(.text) for __default_signal_display


==============================================================================

Removing Unused input sections from the image.

    Removing core_cm3.o(.emb_text), (32 bytes).
    Removing stm32f10x_bkp.o(.text), (196 bytes).
    Removing stm32f10x_can.o(.text), (2544 bytes).
    Removing stm32f10x_cec.o(.text), (288 bytes).
    Removing stm32f10x_crc.o(.text), (72 bytes).
    Removing stm32f10x_dac.o(.text), (396 bytes).
    Removing stm32f10x_dbgmcu.o(.text), (48 bytes).
    Removing stm32f10x_dma.o(.text), (596 bytes).
    Removing stm32f10x_exti.o(.text), (284 bytes).
    Removing stm32f10x_flash.o(.text), (1468 bytes).
    Removing stm32f10x_fsmc.o(.text), (1548 bytes).
    Removing stm32f10x_i2c.o(.text), (1028 bytes).
    Removing stm32f10x_iwdg.o(.text), (64 bytes).
    Removing stm32f10x_pwr.o(.text), (204 bytes).
    Removing stm32f10x_rtc.o(.text), (328 bytes).
    Removing stm32f10x_sdio.o(.text), (468 bytes).
    Removing stm32f10x_wwdg.o(.text), (136 bytes).

17 unused section(s) (total 9700 bytes) removed from the image.

==============================================================================

Image Symbol Table

    Local Symbols

    Symbol Name                              Value     Ov Type        Size  Object(Section)

    ../clib/angel/boardlib.s                 0x00000000   Number         0  boardinit3.o ABSOLUTE
    ../clib/angel/boardlib.s                 0x00000000   Number         0  boardinit1.o ABSOLUTE
    ../clib/angel/boardlib.s                 0x00000000   Number         0  boardinit2.o ABSOLUTE
    ../clib/angel/boardlib.s                 0x00000000   Number         0  boardshut.o ABSOLUTE
    ../clib/angel/handlers.s                 0x00000000   Number         0  __scatter_zi.o ABSOLUTE
    ../clib/angel/handlers.s                 0x00000000   Number         0  __scatter_copy.o ABSOLUTE
    ../clib/angel/kernel.s                   0x00000000   Number         0  __rtentry2.o ABSOLUTE
    ../clib/angel/kernel.s                   0x00000000   Number         0  __rtentry.o ABSOLUTE
    ../clib/angel/kernel.s                   0x00000000   Number         0  rtexit2.o ABSOLUTE
    ../clib/angel/kernel.s                   0x00000000   Number         0  __rtentry4.o ABSOLUTE
    ../clib/angel/kernel.s                   0x00000000   Number         0  rtexit.o ABSOLUTE
    ../clib/angel/rt.s                       0x00000000   Number         0  rt_raise.o ABSOLUTE
    ../clib/angel/scatter.s                  0x00000000   Number         0  __scatter.o ABSOLUTE
    ../clib/angel/startup.s                  0x00000000   Number         0  __main.o ABSOLUTE
    ../clib/angel/sys.s                      0x00000000   Number         0  sys_stackheap_outer.o ABSOLUTE
    ../clib/angel/sys.s                      0x00000000   Number         0  use_no_semi.o ABSOLUTE
    ../clib/angel/sys.s                      0x00000000   Number         0  indicate_semi.o ABSOLUTE
    ../clib/angel/sys.s                      0x00000000   Number         0  libspace.o ABSOLUTE
    ../clib/angel/sysapp.c                   0x00000000   Number         0  sys_command.o ABSOLUTE
    ../clib/angel/sysapp.c                   0x00000000   Number         0  sys_wrch.o ABSOLUTE
    ../clib/angel/sysapp.c                   0x00000000   Number         0  sys_exit.o ABSOLUTE
    ../clib/armsys.c                         0x00000000   Number         0  argv_veneer.o ABSOLUTE
    ../clib/armsys.c                         0x00000000   Number         0  no_argv.o ABSOLUTE
    ../clib/armsys.c                         0x00000000   Number         0  argv_veneer.o ABSOLUTE
    ../clib/armsys.c                         0x00000000   Number         0  _get_argv_nomalloc.o ABSOLUTE
    ../clib/heapalloc.c                      0x00000000   Number         0  hrguard.o ABSOLUTE
    ../clib/heapaux.c                        0x00000000   Number         0  heapauxi.o ABSOLUTE
    ../clib/libinit.s                        0x00000000   Number         0  libinit2.o ABSOLUTE
    ../clib/libinit.s                        0x00000000   Number         0  libshutdown2.o ABSOLUTE
    ../clib/libinit.s                        0x00000000   Number         0  libinit.o ABSOLUTE
    ../clib/libinit.s                        0x00000000   Number         0  libshutdown.o ABSOLUTE
    ../clib/signal.c                         0x00000000   Number         0  defsig_exit.o ABSOLUTE
    ../clib/signal.c                         0x00000000   Number         0  defsig_rtmem_outer.o ABSOLUTE
    ../clib/signal.c                         0x00000000   Number         0  defsig_general.o ABSOLUTE
    ../clib/signal.c                         0x00000000   Number         0  defsig_pvfn_inner.o ABSOLUTE
    ../clib/signal.c                         0x00000000   Number         0  __raise.o ABSOLUTE
    ../clib/signal.c                         0x00000000   Number         0  defsig_rtmem_inner.o ABSOLUTE
    ../clib/signal.c                         0x00000000   Number         0  defsig_rtmem_formal.o ABSOLUTE
    ../clib/signal.c                         0x00000000   Number         0  defsig_segv_inner.o ABSOLUTE
    ../clib/signal.c                         0x00000000   Number         0  defsig_cppl_inner.o ABSOLUTE
    ../clib/signal.c                         0x00000000   Number         0  defsig_other.o ABSOLUTE
    ../clib/signal.c                         0x00000000   Number         0  defsig_stak_inner.o ABSOLUTE
    ../clib/signal.c                         0x00000000   Number         0  defsig_rtred_inner.o ABSOLUTE
    ../clib/signal.c                         0x00000000   Number         0  defsig_fpe_inner.o ABSOLUTE
    ../clib/signal.c                         0x00000000   Number         0  defsig_abrt_inner.o ABSOLUTE
    ../clib/signal.s                         0x00000000   Number         0  defsig.o ABSOLUTE
    ../clib/stdlib.c                         0x00000000   Number         0  exit.o ABSOLUTE
    ../fplib/fdiv.s                          0x00000000   Number         0  fdiv.o ABSOLUTE
    ../fplib/ffix.s                          0x00000000   Number         0  ffix.o ABSOLUTE
    ../fplib/fflt.s                          0x00000000   Number         0  fflt_clz.o ABSOLUTE
    ../fplib/fmul.s                          0x00000000   Number         0  fmul.o ABSOLUTE
    ../fplib/fnaninf.s                       0x00000000   Number         0  fnaninf.o ABSOLUTE
    ../fplib/fpinit.s                        0x00000000   Number         0  fpinit.o ABSOLUTE
    ../fplib/fretinf.s                       0x00000000   Number         0  fretinf.o ABSOLUTE
    ../fplib/usenofp.s                       0x00000000   Number         0  usenofp.o ABSOLUTE
    CORE\\core_cm3.c                         0x00000000   Number         0  core_cm3.o ABSOLUTE
    CORE\core_cm3.c                          0x00000000   Number         0  core_cm3.o ABSOLUTE
    CORE\startup_stm32f10x_md.s              0x00000000   Number         0  startup_stm32f10x_md.o ABSOLUTE
    STM32F10x_FWLib\src\misc.c               0x00000000   Number         0  misc.o ABSOLUTE
    STM32F10x_FWLib\src\stm32f10x_adc.c      0x00000000   Number         0  stm32f10x_adc.o ABSOLUTE
    STM32F10x_FWLib\src\stm32f10x_bkp.c      0x00000000   Number         0  stm32f10x_bkp.o ABSOLUTE
    STM32F10x_FWLib\src\stm32f10x_can.c      0x00000000   Number         0  stm32f10x_can.o ABSOLUTE
    STM32F10x_FWLib\src\stm32f10x_cec.c      0x00000000   Number         0  stm32f10x_cec.o ABSOLUTE
    STM32F10x_FWLib\src\stm32f10x_crc.c      0x00000000   Number         0  stm32f10x_crc.o ABSOLUTE
    STM32F10x_FWLib\src\stm32f10x_dac.c      0x00000000   Number         0  stm32f10x_dac.o ABSOLUTE
    STM32F10x_FWLib\src\stm32f10x_dbgmcu.c   0x00000000   Number         0  stm32f10x_dbgmcu.o ABSOLUTE
    STM32F10x_FWLib\src\stm32f10x_dma.c      0x00000000   Number         0  stm32f10x_dma.o ABSOLUTE
    STM32F10x_FWLib\src\stm32f10x_exti.c     0x00000000   Number         0  stm32f10x_exti.o ABSOLUTE
    STM32F10x_FWLib\src\stm32f10x_flash.c    0x00000000   Number         0  stm32f10x_flash.o ABSOLUTE
    STM32F10x_FWLib\src\stm32f10x_fsmc.c     0x00000000   Number         0  stm32f10x_fsmc.o ABSOLUTE
    STM32F10x_FWLib\src\stm32f10x_gpio.c     0x00000000   Number         0  stm32f10x_gpio.o ABSOLUTE
    STM32F10x_FWLib\src\stm32f10x_i2c.c      0x00000000   Number         0  stm32f10x_i2c.o ABSOLUTE
    STM32F10x_FWLib\src\stm32f10x_iwdg.c     0x00000000   Number         0  stm32f10x_iwdg.o ABSOLUTE
    STM32F10x_FWLib\src\stm32f10x_pwr.c      0x00000000   Number         0  stm32f10x_pwr.o ABSOLUTE
    STM32F10x_FWLib\src\stm32f10x_rcc.c      0x00000000   Number         0  stm32f10x_rcc.o ABSOLUTE
    STM32F10x_FWLib\src\stm32f10x_rtc.c      0x00000000   Number         0  stm32f10x_rtc.o ABSOLUTE
    STM32F10x_FWLib\src\stm32f10x_sdio.c     0x00000000   Number         0  stm32f10x_sdio.o ABSOLUTE
    STM32F10x_FWLib\src\stm32f10x_spi.c      0x00000000   Number         0  stm32f10x_spi.o ABSOLUTE
    STM32F10x_FWLib\src\stm32f10x_tim.c      0x00000000   Number         0  stm32f10x_tim.o ABSOLUTE
    STM32F10x_FWLib\src\stm32f10x_usart.c    0x00000000   Number         0  stm32f10x_usart.o ABSOLUTE
    STM32F10x_FWLib\src\stm32f10x_wwdg.c     0x00000000   Number         0  stm32f10x_wwdg.o ABSOLUTE
    USER\App.c                               0x00000000   Number         0  app.o ABSOLUTE
    USER\Bluetooth.c                         0x00000000   Number         0  bluetooth.o ABSOLUTE
    USER\BusServoCtrl.c                      0x00000000   Number         0  busservoctrl.o ABSOLUTE
    USER\Flash.c                             0x00000000   Number         0  flash.o ABSOLUTE
    USER\PCMsg.c                             0x00000000   Number         0  pcmsg.o ABSOLUTE
    USER\PS2GamePad.c                        0x00000000   Number         0  ps2gamepad.o ABSOLUTE
    USER\PWM.c                               0x00000000   Number         0  pwm.o ABSOLUTE
    USER\RobotRun.c                          0x00000000   Number         0  robotrun.o ABSOLUTE
    USER\main.c                              0x00000000   Number         0  main.o ABSOLUTE
    USER\stm32f10x_it.c                      0x00000000   Number         0  stm32f10x_it.o ABSOLUTE
    USER\system_stm32f10x.c                  0x00000000   Number         0  system_stm32f10x.o ABSOLUTE
    dc.s                                     0x00000000   Number         0  dc.o ABSOLUTE
    RESET                                    0x08000000   Section      236  startup_stm32f10x_md.o(RESET)
    !!!main                                  0x080000ec   Section        8  __main.o(!!!main)
    !!!scatter                               0x080000f4   Section       52  __scatter.o(!!!scatter)
    !!handler_copy                           0x08000128   Section       26  __scatter_copy.o(!!handler_copy)
    !!handler_zi                             0x08000144   Section       28  __scatter_zi.o(!!handler_zi)
    .ARM.Collect$$libinit$$00000000          0x08000160   Section        2  libinit.o(.ARM.Collect$$libinit$$00000000)
    .ARM.Collect$$libinit$$00000002          0x08000162   Section        0  libinit2.o(.ARM.Collect$$libinit$$00000002)
    .ARM.Collect$$libinit$$00000004          0x08000162   Section        0  libinit2.o(.ARM.Collect$$libinit$$00000004)
    .ARM.Collect$$libinit$$0000000A          0x08000162   Section        0  libinit2.o(.ARM.Collect$$libinit$$0000000A)
    .ARM.Collect$$libinit$$0000000C          0x08000162   Section        0  libinit2.o(.ARM.Collect$$libinit$$0000000C)
    .ARM.Collect$$libinit$$0000000E          0x08000162   Section        0  libinit2.o(.ARM.Collect$$libinit$$0000000E)
    .ARM.Collect$$libinit$$00000011          0x08000162   Section        0  libinit2.o(.ARM.Collect$$libinit$$00000011)
    .ARM.Collect$$libinit$$00000013          0x08000162   Section        0  libinit2.o(.ARM.Collect$$libinit$$00000013)
    .ARM.Collect$$libinit$$00000015          0x08000162   Section        0  libinit2.o(.ARM.Collect$$libinit$$00000015)
    .ARM.Collect$$libinit$$00000017          0x08000162   Section        0  libinit2.o(.ARM.Collect$$libinit$$00000017)
    .ARM.Collect$$libinit$$00000019          0x08000162   Section        0  libinit2.o(.ARM.Collect$$libinit$$00000019)
    .ARM.Collect$$libinit$$0000001B          0x08000162   Section        0  libinit2.o(.ARM.Collect$$libinit$$0000001B)
    .ARM.Collect$$libinit$$0000001D          0x08000162   Section        0  libinit2.o(.ARM.Collect$$libinit$$0000001D)
    .ARM.Collect$$libinit$$0000001F          0x08000162   Section        0  libinit2.o(.ARM.Collect$$libinit$$0000001F)
    .ARM.Collect$$libinit$$00000021          0x08000162   Section        0  libinit2.o(.ARM.Collect$$libinit$$00000021)
    .ARM.Collect$$libinit$$00000023          0x08000162   Section        0  libinit2.o(.ARM.Collect$$libinit$$00000023)
    .ARM.Collect$$libinit$$00000025          0x08000162   Section        0  libinit2.o(.ARM.Collect$$libinit$$00000025)
    .ARM.Collect$$libinit$$0000002C          0x08000162   Section        0  libinit2.o(.ARM.Collect$$libinit$$0000002C)
    .ARM.Collect$$libinit$$0000002E          0x08000162   Section        0  libinit2.o(.ARM.Collect$$libinit$$0000002E)
    .ARM.Collect$$libinit$$00000030          0x08000162   Section        0  libinit2.o(.ARM.Collect$$libinit$$00000030)
    .ARM.Collect$$libinit$$00000032          0x08000162   Section        0  libinit2.o(.ARM.Collect$$libinit$$00000032)
    .ARM.Collect$$libinit$$00000033          0x08000162   Section        2  libinit2.o(.ARM.Collect$$libinit$$00000033)
    .ARM.Collect$$libshutdown$$00000000      0x08000164   Section        2  libshutdown.o(.ARM.Collect$$libshutdown$$00000000)
    .ARM.Collect$$libshutdown$$00000002      0x08000166   Section        0  libshutdown2.o(.ARM.Collect$$libshutdown$$00000002)
    .ARM.Collect$$libshutdown$$00000004      0x08000166   Section        0  libshutdown2.o(.ARM.Collect$$libshutdown$$00000004)
    .ARM.Collect$$libshutdown$$00000007      0x08000166   Section        0  libshutdown2.o(.ARM.Collect$$libshutdown$$00000007)
    .ARM.Collect$$libshutdown$$0000000A      0x08000166   Section        0  libshutdown2.o(.ARM.Collect$$libshutdown$$0000000A)
    .ARM.Collect$$libshutdown$$0000000C      0x08000166   Section        0  libshutdown2.o(.ARM.Collect$$libshutdown$$0000000C)
    .ARM.Collect$$libshutdown$$0000000F      0x08000166   Section        0  libshutdown2.o(.ARM.Collect$$libshutdown$$0000000F)
    .ARM.Collect$$libshutdown$$00000010      0x08000166   Section        2  libshutdown2.o(.ARM.Collect$$libshutdown$$00000010)
    .ARM.Collect$$rtentry$$00000000          0x08000168   Section        0  __rtentry.o(.ARM.Collect$$rtentry$$00000000)
    .ARM.Collect$$rtentry$$00000002          0x08000168   Section        0  __rtentry2.o(.ARM.Collect$$rtentry$$00000002)
    .ARM.Collect$$rtentry$$00000004          0x08000168   Section        6  __rtentry4.o(.ARM.Collect$$rtentry$$00000004)
    .ARM.Collect$$rtentry$$00000009          0x0800016e   Section        0  __rtentry2.o(.ARM.Collect$$rtentry$$00000009)
    .ARM.Collect$$rtentry$$0000000A          0x0800016e   Section        4  __rtentry2.o(.ARM.Collect$$rtentry$$0000000A)
    .ARM.Collect$$rtentry$$0000000C          0x08000172   Section        0  __rtentry2.o(.ARM.Collect$$rtentry$$0000000C)
    .ARM.Collect$$rtentry$$0000000D          0x08000172   Section        8  __rtentry2.o(.ARM.Collect$$rtentry$$0000000D)
    .ARM.Collect$$rtexit$$00000000           0x0800017a   Section        2  rtexit.o(.ARM.Collect$$rtexit$$00000000)
    .ARM.Collect$$rtexit$$00000002           0x0800017c   Section        0  rtexit2.o(.ARM.Collect$$rtexit$$00000002)
    .ARM.Collect$$rtexit$$00000003           0x0800017c   Section        4  rtexit2.o(.ARM.Collect$$rtexit$$00000003)
    .ARM.Collect$$rtexit$$00000004           0x08000180   Section        6  rtexit2.o(.ARM.Collect$$rtexit$$00000004)
    .text                                    0x08000188   Section       64  startup_stm32f10x_md.o(.text)
    .text                                    0x080001c8   Section        0  misc.o(.text)
    .text                                    0x080002a4   Section        0  stm32f10x_adc.o(.text)
    .text                                    0x080006f4   Section        0  stm32f10x_gpio.o(.text)
    .text                                    0x08000a50   Section        0  stm32f10x_rcc.o(.text)
    .text                                    0x08000df4   Section        0  stm32f10x_spi.o(.text)
    .text                                    0x08001100   Section        0  stm32f10x_tim.o(.text)
    TI4_Config                               0x080015a7   Thumb Code   130  stm32f10x_tim.o(.text)
    TI3_Config                               0x0800163b   Thumb Code   122  stm32f10x_tim.o(.text)
    TI2_Config                               0x080016cf   Thumb Code   130  stm32f10x_tim.o(.text)
    TI1_Config                               0x08001763   Thumb Code   108  stm32f10x_tim.o(.text)
    .text                                    0x08001f1c   Section        0  stm32f10x_usart.o(.text)
    .text                                    0x08002324   Section        0  main.o(.text)
    .text                                    0x08002388   Section        0  pwm.o(.text)
    .text                                    0x08002760   Section        0  stm32f10x_it.o(.text)
    .text                                    0x0800277c   Section        0  system_stm32f10x.o(.text)
    SetSysClockTo72                          0x0800277d   Thumb Code   214  system_stm32f10x.o(.text)
    SetSysClock                              0x08002853   Thumb Code     8  system_stm32f10x.o(.text)
    .text                                    0x0800295c   Section        0  pcmsg.o(.text)
    UartRxOK                                 0x08002b55   Thumb Code    20  pcmsg.o(.text)
    .text                                    0x08002d64   Section        0  app.o(.text)
    .text                                    0x080032ec   Section        0  robotrun.o(.text)
    .text                                    0x080034b4   Section        0  flash.o(.text)
    .text                                    0x080036dc   Section        0  ps2gamepad.o(.text)
    Delay                                    0x080036dd   Thumb Code    12  ps2gamepad.o(.text)
    .text                                    0x08003b1c   Section        0  bluetooth.o(.text)
    UartRxOK                                 0x08003c9f   Thumb Code    20  bluetooth.o(.text)
    .text                                    0x08003d7c   Section        0  busservoctrl.o(.text)
    .text                                    0x08003f38   Section        0  heapauxi.o(.text)
    .text                                    0x08003f3e   Section       74  sys_stackheap_outer.o(.text)
    .text                                    0x08003f88   Section        0  exit.o(.text)
    .text                                    0x08003f9c   Section        8  libspace.o(.text)
    .text                                    0x08003fa4   Section        0  sys_exit.o(.text)
    .text                                    0x08003fb0   Section        2  use_no_semi.o(.text)
    .text                                    0x08003fb2   Section        0  indicate_semi.o(.text)
    x$fpl$fdiv                               0x08003fb4   Section      388  fdiv.o(x$fpl$fdiv)
    _fdiv1                                   0x08003fb5   Thumb Code     0  fdiv.o(x$fpl$fdiv)
    x$fpl$ffix                               0x08004138   Section       54  ffix.o(x$fpl$ffix)
    x$fpl$fflt                               0x08004170   Section       48  fflt_clz.o(x$fpl$fflt)
    x$fpl$ffltu                              0x080041a0   Section       38  fflt_clz.o(x$fpl$ffltu)
    x$fpl$fmul                               0x080041c8   Section      258  fmul.o(x$fpl$fmul)
    x$fpl$fnaninf                            0x080042ca   Section      140  fnaninf.o(x$fpl$fnaninf)
    x$fpl$fretinf                            0x08004356   Section       10  fretinf.o(x$fpl$fretinf)
    x$fpl$usenofp                            0x08004360   Section        0  usenofp.o(x$fpl$usenofp)
    .data                                    0x20000000   Section       20  stm32f10x_rcc.o(.data)
    APBAHBPrescTable                         0x20000000   Data          16  stm32f10x_rcc.o(.data)
    ADCPrescTable                            0x20000010   Data           4  stm32f10x_rcc.o(.data)
    .data                                    0x20000014   Section       42  pwm.o(.data)
    ServoPwmDutyIncTimes                     0x20000038   Data           2  pwm.o(.data)
    ServoRunning                             0x2000003a   Data           1  pwm.o(.data)
    i                                        0x2000003c   Data           2  pwm.o(.data)
    .data                                    0x20000040   Section       20  system_stm32f10x.o(.data)
    .data                                    0x20000054   Section        5  pcmsg.o(.data)
    fUartRxComplete                          0x20000054   Data           1  pcmsg.o(.data)
    startCodeSum                             0x20000055   Data           1  pcmsg.o(.data)
    fFrameStart                              0x20000056   Data           1  pcmsg.o(.data)
    messageLength                            0x20000057   Data           1  pcmsg.o(.data)
    messageLengthSum                         0x20000058   Data           1  pcmsg.o(.data)
    .data                                    0x2000005c   Section       41  app.o(.data)
    fac_us                                   0x20000066   Data           1  app.o(.data)
    fac_ms                                   0x20000068   Data           2  app.o(.data)
    fBuzzer                                  0x2000006a   Data           1  app.o(.data)
    t1                                       0x2000006c   Data           4  app.o(.data)
    t2                                       0x20000070   Data           4  app.o(.data)
    time                                     0x20000074   Data           4  app.o(.data)
    timeBattery                              0x20000078   Data           2  app.o(.data)
    time                                     0x2000007c   Data           4  app.o(.data)
    times                                    0x20000080   Data           4  app.o(.data)
    Ps2State                                 0x20000084   Data           1  app.o(.data)
    .data                                    0x20000088   Section       19  robotrun.o(.data)
    .data                                    0x2000009c   Section       36  ps2gamepad.o(.data)
    .data                                    0x200000c0   Section        5  bluetooth.o(.data)
    fUartRxComplete                          0x200000c0   Data           1  bluetooth.o(.data)
    startCodeSum                             0x200000c1   Data           1  bluetooth.o(.data)
    fFrameStart                              0x200000c2   Data           1  bluetooth.o(.data)
    messageLength                            0x200000c3   Data           1  bluetooth.o(.data)
    messageLengthSum                         0x200000c4   Data           1  bluetooth.o(.data)
    .bss                                     0x200000c8   Section       32  pwm.o(.bss)
    .bss                                     0x200000e8   Section      776  pcmsg.o(.bss)
    UartRxBuffer                             0x200000e8   Data         260  pcmsg.o(.bss)
    .bss                                     0x200003f0   Section       18  flash.o(.bss)
    .bss                                     0x20000402   Section        9  ps2gamepad.o(.bss)
    .bss                                     0x2000040b   Section      260  bluetooth.o(.bss)
    UartRxBuffer                             0x2000040b   Data         260  bluetooth.o(.bss)
    .bss                                     0x20000510   Section       96  libspace.o(.bss)
    HEAP                                     0x20000570   Section      512  startup_stm32f10x_md.o(HEAP)
    Heap_Mem                                 0x20000570   Data         512  startup_stm32f10x_md.o(HEAP)
    STACK                                    0x20000770   Section     1024  startup_stm32f10x_md.o(STACK)
    Stack_Mem                                0x20000770   Data        1024  startup_stm32f10x_md.o(STACK)
    __initial_sp                             0x20000b70   Data           0  startup_stm32f10x_md.o(STACK)

    Global Symbols

    Symbol Name                              Value     Ov Type        Size  Object(Section)

    BuildAttributes$$THM_ISAv4$P$D$K$B$S$PE$A:L22UL41UL21$X:L11$S22US41US21$IEEE1$IW$USESV6$~STKCKD$USESV7$~SHL$OSPACE$ROPI$EBA8$UX$STANDARDLIB$REQ8$PRES8$EABIv2 0x00000000   Number         0  anon$$obj.o ABSOLUTE
    __ARM_use_no_argv                        0x00000000   Number         0  main.o ABSOLUTE
    __ARM_exceptions_init                     - Undefined Weak Reference
    __alloca_initialize                       - Undefined Weak Reference
    __arm_preinit_                            - Undefined Weak Reference
    __cpp_initialize__aeabi_                  - Undefined Weak Reference
    __cxa_finalize                            - Undefined Weak Reference
    __rt_locale                               - Undefined Weak Reference
    __sigvec_lookup                           - Undefined Weak Reference
    _atexit_init                              - Undefined Weak Reference
    _call_atexit_fns                          - Undefined Weak Reference
    _clock_init                               - Undefined Weak Reference
    _fp_trap_init                             - Undefined Weak Reference
    _fp_trap_shutdown                         - Undefined Weak Reference
    _get_lc_collate                           - Undefined Weak Reference
    _get_lc_ctype                             - Undefined Weak Reference
    _get_lc_monetary                          - Undefined Weak Reference
    _get_lc_numeric                           - Undefined Weak Reference
    _get_lc_time                              - Undefined Weak Reference
    _getenv_init                              - Undefined Weak Reference
    _handle_redirection                       - Undefined Weak Reference
    _init_alloc                               - Undefined Weak Reference
    _init_user_alloc                          - Undefined Weak Reference
    _initio                                   - Undefined Weak Reference
    _rand_init                                - Undefined Weak Reference
    _signal_finish                            - Undefined Weak Reference
    _signal_init                              - Undefined Weak Reference
    _terminate_alloc                          - Undefined Weak Reference
    _terminate_user_alloc                     - Undefined Weak Reference
    _terminateio                              - Undefined Weak Reference
    __Vectors_Size                           0x000000ec   Number         0  startup_stm32f10x_md.o ABSOLUTE
    __Vectors                                0x08000000   Data           4  startup_stm32f10x_md.o(RESET)
    __Vectors_End                            0x080000ec   Data           0  startup_stm32f10x_md.o(RESET)
    __main                                   0x080000ed   Thumb Code     8  __main.o(!!!main)
    __scatterload                            0x080000f5   Thumb Code     0  __scatter.o(!!!scatter)
    __scatterload_rt2                        0x080000f5   Thumb Code    44  __scatter.o(!!!scatter)
    __scatterload_rt2_thumb_only             0x080000f5   Thumb Code     0  __scatter.o(!!!scatter)
    __scatterload_null                       0x08000103   Thumb Code     0  __scatter.o(!!!scatter)
    __scatterload_copy                       0x08000129   Thumb Code    26  __scatter_copy.o(!!handler_copy)
    __scatterload_zeroinit                   0x08000145   Thumb Code    28  __scatter_zi.o(!!handler_zi)
    __rt_lib_init                            0x08000161   Thumb Code     0  libinit.o(.ARM.Collect$$libinit$$00000000)
    __rt_lib_init_alloca_1                   0x08000163   Thumb Code     0  libinit2.o(.ARM.Collect$$libinit$$0000002E)
    __rt_lib_init_argv_1                     0x08000163   Thumb Code     0  libinit2.o(.ARM.Collect$$libinit$$0000002C)
    __rt_lib_init_atexit_1                   0x08000163   Thumb Code     0  libinit2.o(.ARM.Collect$$libinit$$0000001B)
    __rt_lib_init_clock_1                    0x08000163   Thumb Code     0  libinit2.o(.ARM.Collect$$libinit$$00000021)
    __rt_lib_init_cpp_1                      0x08000163   Thumb Code     0  libinit2.o(.ARM.Collect$$libinit$$00000032)
    __rt_lib_init_exceptions_1               0x08000163   Thumb Code     0  libinit2.o(.ARM.Collect$$libinit$$00000030)
    __rt_lib_init_fp_1                       0x08000163   Thumb Code     0  libinit2.o(.ARM.Collect$$libinit$$00000002)
    __rt_lib_init_fp_trap_1                  0x08000163   Thumb Code     0  libinit2.o(.ARM.Collect$$libinit$$0000001F)
    __rt_lib_init_getenv_1                   0x08000163   Thumb Code     0  libinit2.o(.ARM.Collect$$libinit$$00000023)
    __rt_lib_init_heap_1                     0x08000163   Thumb Code     0  libinit2.o(.ARM.Collect$$libinit$$0000000A)
    __rt_lib_init_lc_collate_1               0x08000163   Thumb Code     0  libinit2.o(.ARM.Collect$$libinit$$00000011)
    __rt_lib_init_lc_ctype_1                 0x08000163   Thumb Code     0  libinit2.o(.ARM.Collect$$libinit$$00000013)
    __rt_lib_init_lc_monetary_1              0x08000163   Thumb Code     0  libinit2.o(.ARM.Collect$$libinit$$00000015)
    __rt_lib_init_lc_numeric_1               0x08000163   Thumb Code     0  libinit2.o(.ARM.Collect$$libinit$$00000017)
    __rt_lib_init_lc_time_1                  0x08000163   Thumb Code     0  libinit2.o(.ARM.Collect$$libinit$$00000019)
    __rt_lib_init_preinit_1                  0x08000163   Thumb Code     0  libinit2.o(.ARM.Collect$$libinit$$00000004)
    __rt_lib_init_rand_1                     0x08000163   Thumb Code     0  libinit2.o(.ARM.Collect$$libinit$$0000000E)
    __rt_lib_init_return                     0x08000163   Thumb Code     0  libinit2.o(.ARM.Collect$$libinit$$00000033)
    __rt_lib_init_signal_1                   0x08000163   Thumb Code     0  libinit2.o(.ARM.Collect$$libinit$$0000001D)
    __rt_lib_init_stdio_1                    0x08000163   Thumb Code     0  libinit2.o(.ARM.Collect$$libinit$$00000025)
    __rt_lib_init_user_alloc_1               0x08000163   Thumb Code     0  libinit2.o(.ARM.Collect$$libinit$$0000000C)
    __rt_lib_shutdown                        0x08000165   Thumb Code     0  libshutdown.o(.ARM.Collect$$libshutdown$$00000000)
    __rt_lib_shutdown_cpp_1                  0x08000167   Thumb Code     0  libshutdown2.o(.ARM.Collect$$libshutdown$$00000002)
    __rt_lib_shutdown_fp_trap_1              0x08000167   Thumb Code     0  libshutdown2.o(.ARM.Collect$$libshutdown$$00000007)
    __rt_lib_shutdown_heap_1                 0x08000167   Thumb Code     0  libshutdown2.o(.ARM.Collect$$libshutdown$$0000000F)
    __rt_lib_shutdown_return                 0x08000167   Thumb Code     0  libshutdown2.o(.ARM.Collect$$libshutdown$$00000010)
    __rt_lib_shutdown_signal_1               0x08000167   Thumb Code     0  libshutdown2.o(.ARM.Collect$$libshutdown$$0000000A)
    __rt_lib_shutdown_stdio_1                0x08000167   Thumb Code     0  libshutdown2.o(.ARM.Collect$$libshutdown$$00000004)
    __rt_lib_shutdown_user_alloc_1           0x08000167   Thumb Code     0  libshutdown2.o(.ARM.Collect$$libshutdown$$0000000C)
    __rt_entry                               0x08000169   Thumb Code     0  __rtentry.o(.ARM.Collect$$rtentry$$00000000)
    __rt_entry_presh_1                       0x08000169   Thumb Code     0  __rtentry2.o(.ARM.Collect$$rtentry$$00000002)
    __rt_entry_sh                            0x08000169   Thumb Code     0  __rtentry4.o(.ARM.Collect$$rtentry$$00000004)
    __rt_entry_li                            0x0800016f   Thumb Code     0  __rtentry2.o(.ARM.Collect$$rtentry$$0000000A)
    __rt_entry_postsh_1                      0x0800016f   Thumb Code     0  __rtentry2.o(.ARM.Collect$$rtentry$$00000009)
    __rt_entry_main                          0x08000173   Thumb Code     0  __rtentry2.o(.ARM.Collect$$rtentry$$0000000D)
    __rt_entry_postli_1                      0x08000173   Thumb Code     0  __rtentry2.o(.ARM.Collect$$rtentry$$0000000C)
    __rt_exit                                0x0800017b   Thumb Code     0  rtexit.o(.ARM.Collect$$rtexit$$00000000)
    __rt_exit_ls                             0x0800017d   Thumb Code     0  rtexit2.o(.ARM.Collect$$rtexit$$00000003)
    __rt_exit_prels_1                        0x0800017d   Thumb Code     0  rtexit2.o(.ARM.Collect$$rtexit$$00000002)
    __rt_exit_exit                           0x08000181   Thumb Code     0  rtexit2.o(.ARM.Collect$$rtexit$$00000004)
    Reset_Handler                            0x08000189   Thumb Code     8  startup_stm32f10x_md.o(.text)
    ADC1_2_IRQHandler                        0x080001a3   Thumb Code     0  startup_stm32f10x_md.o(.text)
    CAN1_RX1_IRQHandler                      0x080001a3   Thumb Code     0  startup_stm32f10x_md.o(.text)
    CAN1_SCE_IRQHandler                      0x080001a3   Thumb Code     0  startup_stm32f10x_md.o(.text)
    DMA1_Channel1_IRQHandler                 0x080001a3   Thumb Code     0  startup_stm32f10x_md.o(.text)
    DMA1_Channel2_IRQHandler                 0x080001a3   Thumb Code     0  startup_stm32f10x_md.o(.text)
    DMA1_Channel3_IRQHandler                 0x080001a3   Thumb Code     0  startup_stm32f10x_md.o(.text)
    DMA1_Channel4_IRQHandler                 0x080001a3   Thumb Code     0  startup_stm32f10x_md.o(.text)
    DMA1_Channel5_IRQHandler                 0x080001a3   Thumb Code     0  startup_stm32f10x_md.o(.text)
    DMA1_Channel6_IRQHandler                 0x080001a3   Thumb Code     0  startup_stm32f10x_md.o(.text)
    DMA1_Channel7_IRQHandler                 0x080001a3   Thumb Code     0  startup_stm32f10x_md.o(.text)
    EXTI0_IRQHandler                         0x080001a3   Thumb Code     0  startup_stm32f10x_md.o(.text)
    EXTI15_10_IRQHandler                     0x080001a3   Thumb Code     0  startup_stm32f10x_md.o(.text)
    EXTI1_IRQHandler                         0x080001a3   Thumb Code     0  startup_stm32f10x_md.o(.text)
    EXTI2_IRQHandler                         0x080001a3   Thumb Code     0  startup_stm32f10x_md.o(.text)
    EXTI3_IRQHandler                         0x080001a3   Thumb Code     0  startup_stm32f10x_md.o(.text)
    EXTI4_IRQHandler                         0x080001a3   Thumb Code     0  startup_stm32f10x_md.o(.text)
    EXTI9_5_IRQHandler                       0x080001a3   Thumb Code     0  startup_stm32f10x_md.o(.text)
    FLASH_IRQHandler                         0x080001a3   Thumb Code     0  startup_stm32f10x_md.o(.text)
    I2C1_ER_IRQHandler                       0x080001a3   Thumb Code     0  startup_stm32f10x_md.o(.text)
    I2C1_EV_IRQHandler                       0x080001a3   Thumb Code     0  startup_stm32f10x_md.o(.text)
    I2C2_ER_IRQHandler                       0x080001a3   Thumb Code     0  startup_stm32f10x_md.o(.text)
    I2C2_EV_IRQHandler                       0x080001a3   Thumb Code     0  startup_stm32f10x_md.o(.text)
    PVD_IRQHandler                           0x080001a3   Thumb Code     0  startup_stm32f10x_md.o(.text)
    RCC_IRQHandler                           0x080001a3   Thumb Code     0  startup_stm32f10x_md.o(.text)
    RTCAlarm_IRQHandler                      0x080001a3   Thumb Code     0  startup_stm32f10x_md.o(.text)
    RTC_IRQHandler                           0x080001a3   Thumb Code     0  startup_stm32f10x_md.o(.text)
    SPI1_IRQHandler                          0x080001a3   Thumb Code     0  startup_stm32f10x_md.o(.text)
    SPI2_IRQHandler                          0x080001a3   Thumb Code     0  startup_stm32f10x_md.o(.text)
    TAMPER_IRQHandler                        0x080001a3   Thumb Code     0  startup_stm32f10x_md.o(.text)
    TIM1_BRK_IRQHandler                      0x080001a3   Thumb Code     0  startup_stm32f10x_md.o(.text)
    TIM1_CC_IRQHandler                       0x080001a3   Thumb Code     0  startup_stm32f10x_md.o(.text)
    TIM1_TRG_COM_IRQHandler                  0x080001a3   Thumb Code     0  startup_stm32f10x_md.o(.text)
    TIM1_UP_IRQHandler                       0x080001a3   Thumb Code     0  startup_stm32f10x_md.o(.text)
    TIM4_IRQHandler                          0x080001a3   Thumb Code     0  startup_stm32f10x_md.o(.text)
    USBWakeUp_IRQHandler                     0x080001a3   Thumb Code     0  startup_stm32f10x_md.o(.text)
    USB_HP_CAN1_TX_IRQHandler                0x080001a3   Thumb Code     0  startup_stm32f10x_md.o(.text)
    USB_LP_CAN1_RX0_IRQHandler               0x080001a3   Thumb Code     0  startup_stm32f10x_md.o(.text)
    WWDG_IRQHandler                          0x080001a3   Thumb Code     0  startup_stm32f10x_md.o(.text)
    __user_initial_stackheap                 0x080001a5   Thumb Code     0  startup_stm32f10x_md.o(.text)
    NVIC_PriorityGroupConfig                 0x080001c9   Thumb Code    10  misc.o(.text)
    NVIC_Init                                0x080001d3   Thumb Code   100  misc.o(.text)
    NVIC_SetVectorTable                      0x08000237   Thumb Code    14  misc.o(.text)
    NVIC_SystemLPConfig                      0x08000245   Thumb Code    34  misc.o(.text)
    SysTick_CLKSourceConfig                  0x08000267   Thumb Code    40  misc.o(.text)
    ADC_DeInit                               0x080002a5   Thumb Code    78  stm32f10x_adc.o(.text)
    ADC_Init                                 0x080002f3   Thumb Code    70  stm32f10x_adc.o(.text)
    ADC_StructInit                           0x08000339   Thumb Code    18  stm32f10x_adc.o(.text)
    ADC_Cmd                                  0x0800034b   Thumb Code    22  stm32f10x_adc.o(.text)
    ADC_DMACmd                               0x08000361   Thumb Code    22  stm32f10x_adc.o(.text)
    ADC_ITConfig                             0x08000377   Thumb Code    24  stm32f10x_adc.o(.text)
    ADC_ResetCalibration                     0x0800038f   Thumb Code    10  stm32f10x_adc.o(.text)
    ADC_GetResetCalibrationStatus            0x08000399   Thumb Code    20  stm32f10x_adc.o(.text)
    ADC_StartCalibration                     0x080003ad   Thumb Code    10  stm32f10x_adc.o(.text)
    ADC_GetCalibrationStatus                 0x080003b7   Thumb Code    20  stm32f10x_adc.o(.text)
    ADC_SoftwareStartConvCmd                 0x080003cb   Thumb Code    22  stm32f10x_adc.o(.text)
    ADC_GetSoftwareStartConvStatus           0x080003e1   Thumb Code    20  stm32f10x_adc.o(.text)
    ADC_DiscModeChannelCountConfig           0x080003f5   Thumb Code    24  stm32f10x_adc.o(.text)
    ADC_DiscModeCmd                          0x0800040d   Thumb Code    22  stm32f10x_adc.o(.text)
    ADC_RegularChannelConfig                 0x08000423   Thumb Code   184  stm32f10x_adc.o(.text)
    ADC_ExternalTrigConvCmd                  0x080004db   Thumb Code    22  stm32f10x_adc.o(.text)
    ADC_GetConversionValue                   0x080004f1   Thumb Code     8  stm32f10x_adc.o(.text)
    ADC_GetDualModeConversionValue           0x080004f9   Thumb Code     8  stm32f10x_adc.o(.text)
    ADC_AutoInjectedConvCmd                  0x08000501   Thumb Code    22  stm32f10x_adc.o(.text)
    ADC_InjectedDiscModeCmd                  0x08000517   Thumb Code    22  stm32f10x_adc.o(.text)
    ADC_ExternalTrigInjectedConvConfig       0x0800052d   Thumb Code    16  stm32f10x_adc.o(.text)
    ADC_ExternalTrigInjectedConvCmd          0x0800053d   Thumb Code    22  stm32f10x_adc.o(.text)
    ADC_SoftwareStartInjectedConvCmd         0x08000553   Thumb Code    22  stm32f10x_adc.o(.text)
    ADC_GetSoftwareStartInjectedConvCmdStatus 0x08000569   Thumb Code    20  stm32f10x_adc.o(.text)
    ADC_InjectedChannelConfig                0x0800057d   Thumb Code   130  stm32f10x_adc.o(.text)
    ADC_InjectedSequencerLengthConfig        0x080005ff   Thumb Code    24  stm32f10x_adc.o(.text)
    ADC_SetInjectedOffset                    0x08000617   Thumb Code    20  stm32f10x_adc.o(.text)
    ADC_GetInjectedConversionValue           0x0800062b   Thumb Code    28  stm32f10x_adc.o(.text)
    ADC_AnalogWatchdogCmd                    0x08000647   Thumb Code    16  stm32f10x_adc.o(.text)
    ADC_AnalogWatchdogThresholdsConfig       0x08000657   Thumb Code     6  stm32f10x_adc.o(.text)
    ADC_AnalogWatchdogSingleChannelConfig    0x0800065d   Thumb Code    16  stm32f10x_adc.o(.text)
    ADC_TempSensorVrefintCmd                 0x0800066d   Thumb Code    64  stm32f10x_adc.o(.text)
    ADC_GetFlagStatus                        0x080006ad   Thumb Code    18  stm32f10x_adc.o(.text)
    ADC_ClearFlag                            0x080006bf   Thumb Code     6  stm32f10x_adc.o(.text)
    ADC_GetITStatus                          0x080006c5   Thumb Code    36  stm32f10x_adc.o(.text)
    ADC_ClearITPendingBit                    0x080006e9   Thumb Code    10  stm32f10x_adc.o(.text)
    GPIO_DeInit                              0x080006f5   Thumb Code   172  stm32f10x_gpio.o(.text)
    GPIO_AFIODeInit                          0x080007a1   Thumb Code    20  stm32f10x_gpio.o(.text)
    GPIO_Init                                0x080007b5   Thumb Code   278  stm32f10x_gpio.o(.text)
    GPIO_StructInit                          0x080008cb   Thumb Code    16  stm32f10x_gpio.o(.text)
    GPIO_ReadInputDataBit                    0x080008db   Thumb Code    18  stm32f10x_gpio.o(.text)
    GPIO_ReadInputData                       0x080008ed   Thumb Code     8  stm32f10x_gpio.o(.text)
    GPIO_ReadOutputDataBit                   0x080008f5   Thumb Code    18  stm32f10x_gpio.o(.text)
    GPIO_ReadOutputData                      0x08000907   Thumb Code     8  stm32f10x_gpio.o(.text)
    GPIO_SetBits                             0x0800090f   Thumb Code     4  stm32f10x_gpio.o(.text)
    GPIO_ResetBits                           0x08000913   Thumb Code     4  stm32f10x_gpio.o(.text)
    GPIO_WriteBit                            0x08000917   Thumb Code    10  stm32f10x_gpio.o(.text)
    GPIO_Write                               0x08000921   Thumb Code     4  stm32f10x_gpio.o(.text)
    GPIO_PinLockConfig                       0x08000925   Thumb Code    18  stm32f10x_gpio.o(.text)
    GPIO_EventOutputConfig                   0x08000937   Thumb Code    26  stm32f10x_gpio.o(.text)
    GPIO_EventOutputCmd                      0x08000951   Thumb Code     6  stm32f10x_gpio.o(.text)
    GPIO_PinRemapConfig                      0x08000957   Thumb Code   138  stm32f10x_gpio.o(.text)
    GPIO_EXTILineConfig                      0x080009e1   Thumb Code    66  stm32f10x_gpio.o(.text)
    GPIO_ETH_MediaInterfaceConfig            0x08000a23   Thumb Code     8  stm32f10x_gpio.o(.text)
    RCC_DeInit                               0x08000a51   Thumb Code    64  stm32f10x_rcc.o(.text)
    RCC_HSEConfig                            0x08000a91   Thumb Code    70  stm32f10x_rcc.o(.text)
    RCC_GetFlagStatus                        0x08000ad7   Thumb Code    56  stm32f10x_rcc.o(.text)
    RCC_WaitForHSEStartUp                    0x08000b0f   Thumb Code    56  stm32f10x_rcc.o(.text)
    RCC_AdjustHSICalibrationValue            0x08000b47   Thumb Code    20  stm32f10x_rcc.o(.text)
    RCC_HSICmd                               0x08000b5b   Thumb Code     6  stm32f10x_rcc.o(.text)
    RCC_PLLConfig                            0x08000b61   Thumb Code    24  stm32f10x_rcc.o(.text)
    RCC_PLLCmd                               0x08000b79   Thumb Code     6  stm32f10x_rcc.o(.text)
    RCC_SYSCLKConfig                         0x08000b7f   Thumb Code    18  stm32f10x_rcc.o(.text)
    RCC_GetSYSCLKSource                      0x08000b91   Thumb Code    10  stm32f10x_rcc.o(.text)
    RCC_HCLKConfig                           0x08000b9b   Thumb Code    18  stm32f10x_rcc.o(.text)
    RCC_PCLK1Config                          0x08000bad   Thumb Code    18  stm32f10x_rcc.o(.text)
    RCC_PCLK2Config                          0x08000bbf   Thumb Code    20  stm32f10x_rcc.o(.text)
    RCC_ITConfig                             0x08000bd3   Thumb Code    26  stm32f10x_rcc.o(.text)
    RCC_USBCLKConfig                         0x08000bed   Thumb Code     8  stm32f10x_rcc.o(.text)
    RCC_ADCCLKConfig                         0x08000bf5   Thumb Code    18  stm32f10x_rcc.o(.text)
    RCC_LSEConfig                            0x08000c07   Thumb Code    50  stm32f10x_rcc.o(.text)
    RCC_LSICmd                               0x08000c39   Thumb Code     6  stm32f10x_rcc.o(.text)
    RCC_RTCCLKConfig                         0x08000c3f   Thumb Code    12  stm32f10x_rcc.o(.text)
    RCC_RTCCLKCmd                            0x08000c4b   Thumb Code     8  stm32f10x_rcc.o(.text)
    RCC_GetClocksFreq                        0x08000c53   Thumb Code   192  stm32f10x_rcc.o(.text)
    RCC_AHBPeriphClockCmd                    0x08000d13   Thumb Code    26  stm32f10x_rcc.o(.text)
    RCC_APB2PeriphClockCmd                   0x08000d2d   Thumb Code    26  stm32f10x_rcc.o(.text)
    RCC_APB1PeriphClockCmd                   0x08000d47   Thumb Code    26  stm32f10x_rcc.o(.text)
    RCC_APB2PeriphResetCmd                   0x08000d61   Thumb Code    26  stm32f10x_rcc.o(.text)
    RCC_APB1PeriphResetCmd                   0x08000d7b   Thumb Code    26  stm32f10x_rcc.o(.text)
    RCC_BackupResetCmd                       0x08000d95   Thumb Code     8  stm32f10x_rcc.o(.text)
    RCC_ClockSecuritySystemCmd               0x08000d9d   Thumb Code     6  stm32f10x_rcc.o(.text)
    RCC_MCOConfig                            0x08000da3   Thumb Code     6  stm32f10x_rcc.o(.text)
    RCC_ClearFlag                            0x08000da9   Thumb Code    14  stm32f10x_rcc.o(.text)
    RCC_GetITStatus                          0x08000db7   Thumb Code    20  stm32f10x_rcc.o(.text)
    RCC_ClearITPendingBit                    0x08000dcb   Thumb Code     6  stm32f10x_rcc.o(.text)
    SPI_I2S_DeInit                           0x08000df5   Thumb Code    76  stm32f10x_spi.o(.text)
    SPI_Init                                 0x08000e41   Thumb Code    60  stm32f10x_spi.o(.text)
    I2S_Init                                 0x08000e7d   Thumb Code   226  stm32f10x_spi.o(.text)
    SPI_StructInit                           0x08000f5f   Thumb Code    24  stm32f10x_spi.o(.text)
    I2S_StructInit                           0x08000f77   Thumb Code    20  stm32f10x_spi.o(.text)
    SPI_Cmd                                  0x08000f8b   Thumb Code    24  stm32f10x_spi.o(.text)
    I2S_Cmd                                  0x08000fa3   Thumb Code    24  stm32f10x_spi.o(.text)
    SPI_I2S_ITConfig                         0x08000fbb   Thumb Code    32  stm32f10x_spi.o(.text)
    SPI_I2S_DMACmd                           0x08000fdb   Thumb Code    18  stm32f10x_spi.o(.text)
    SPI_I2S_SendData                         0x08000fed   Thumb Code     4  stm32f10x_spi.o(.text)
    SPI_I2S_ReceiveData                      0x08000ff1   Thumb Code     6  stm32f10x_spi.o(.text)
    SPI_NSSInternalSoftwareConfig            0x08000ff7   Thumb Code    30  stm32f10x_spi.o(.text)
    SPI_SSOutputCmd                          0x08001015   Thumb Code    24  stm32f10x_spi.o(.text)
    SPI_DataSizeConfig                       0x0800102d   Thumb Code    18  stm32f10x_spi.o(.text)
    SPI_TransmitCRC                          0x0800103f   Thumb Code    10  stm32f10x_spi.o(.text)
    SPI_CalculateCRC                         0x08001049   Thumb Code    24  stm32f10x_spi.o(.text)
    SPI_GetCRC                               0x08001061   Thumb Code    16  stm32f10x_spi.o(.text)
    SPI_GetCRCPolynomial                     0x08001071   Thumb Code     6  stm32f10x_spi.o(.text)
    SPI_BiDirectionalLineConfig              0x08001077   Thumb Code    28  stm32f10x_spi.o(.text)
    SPI_I2S_GetFlagStatus                    0x08001093   Thumb Code    18  stm32f10x_spi.o(.text)
    SPI_I2S_ClearFlag                        0x080010a5   Thumb Code     6  stm32f10x_spi.o(.text)
    SPI_I2S_GetITStatus                      0x080010ab   Thumb Code    52  stm32f10x_spi.o(.text)
    SPI_I2S_ClearITPendingBit                0x080010df   Thumb Code    20  stm32f10x_spi.o(.text)
    TIM_DeInit                               0x08001101   Thumb Code   424  stm32f10x_tim.o(.text)
    TIM_TimeBaseInit                         0x080012a9   Thumb Code   122  stm32f10x_tim.o(.text)
    TIM_OC1Init                              0x08001323   Thumb Code   132  stm32f10x_tim.o(.text)
    TIM_OC2Init                              0x080013a7   Thumb Code   154  stm32f10x_tim.o(.text)
    TIM_OC3Init                              0x08001441   Thumb Code   150  stm32f10x_tim.o(.text)
    TIM_OC4Init                              0x080014d7   Thumb Code   182  stm32f10x_tim.o(.text)
    TIM_SetIC4Prescaler                      0x0800158d   Thumb Code    26  stm32f10x_tim.o(.text)
    TIM_SetIC3Prescaler                      0x08001629   Thumb Code    18  stm32f10x_tim.o(.text)
    TIM_SetIC2Prescaler                      0x080016b5   Thumb Code    26  stm32f10x_tim.o(.text)
    TIM_SetIC1Prescaler                      0x08001751   Thumb Code    18  stm32f10x_tim.o(.text)
    TIM_ICInit                               0x080017cf   Thumb Code   150  stm32f10x_tim.o(.text)
    TIM_PWMIConfig                           0x08001865   Thumb Code   124  stm32f10x_tim.o(.text)
    TIM_BDTRConfig                           0x080018e1   Thumb Code    32  stm32f10x_tim.o(.text)
    TIM_TimeBaseStructInit                   0x08001901   Thumb Code    18  stm32f10x_tim.o(.text)
    TIM_OCStructInit                         0x08001913   Thumb Code    20  stm32f10x_tim.o(.text)
    TIM_ICStructInit                         0x08001927   Thumb Code    18  stm32f10x_tim.o(.text)
    TIM_BDTRStructInit                       0x08001939   Thumb Code    40  stm32f10x_tim.o(.text)
    TIM_Cmd                                  0x08001961   Thumb Code    24  stm32f10x_tim.o(.text)
    TIM_CtrlPWMOutputs                       0x08001979   Thumb Code    30  stm32f10x_tim.o(.text)
    TIM_ITConfig                             0x08001997   Thumb Code    18  stm32f10x_tim.o(.text)
    TIM_GenerateEvent                        0x080019a9   Thumb Code     4  stm32f10x_tim.o(.text)
    TIM_DMAConfig                            0x080019ad   Thumb Code    10  stm32f10x_tim.o(.text)
    TIM_DMACmd                               0x080019b7   Thumb Code    18  stm32f10x_tim.o(.text)
    TIM_InternalClockConfig                  0x080019c9   Thumb Code    12  stm32f10x_tim.o(.text)
    TIM_SelectInputTrigger                   0x080019d5   Thumb Code    18  stm32f10x_tim.o(.text)
    TIM_ITRxExternalClockConfig              0x080019e7   Thumb Code    24  stm32f10x_tim.o(.text)
    TIM_TIxExternalClockConfig               0x080019ff   Thumb Code    62  stm32f10x_tim.o(.text)
    TIM_ETRConfig                            0x08001a3d   Thumb Code    28  stm32f10x_tim.o(.text)
    TIM_ETRClockMode1Config                  0x08001a59   Thumb Code    54  stm32f10x_tim.o(.text)
    TIM_ETRClockMode2Config                  0x08001a8f   Thumb Code    32  stm32f10x_tim.o(.text)
    TIM_PrescalerConfig                      0x08001aaf   Thumb Code     6  stm32f10x_tim.o(.text)
    TIM_CounterModeConfig                    0x08001ab5   Thumb Code    18  stm32f10x_tim.o(.text)
    TIM_EncoderInterfaceConfig               0x08001ac7   Thumb Code    66  stm32f10x_tim.o(.text)
    TIM_ForcedOC1Config                      0x08001b09   Thumb Code    18  stm32f10x_tim.o(.text)
    TIM_ForcedOC2Config                      0x08001b1b   Thumb Code    26  stm32f10x_tim.o(.text)
    TIM_ForcedOC3Config                      0x08001b35   Thumb Code    18  stm32f10x_tim.o(.text)
    TIM_ForcedOC4Config                      0x08001b47   Thumb Code    26  stm32f10x_tim.o(.text)
    TIM_ARRPreloadConfig                     0x08001b61   Thumb Code    24  stm32f10x_tim.o(.text)
    TIM_SelectCOM                            0x08001b79   Thumb Code    24  stm32f10x_tim.o(.text)
    TIM_SelectCCDMA                          0x08001b91   Thumb Code    24  stm32f10x_tim.o(.text)
    TIM_CCPreloadControl                     0x08001ba9   Thumb Code    24  stm32f10x_tim.o(.text)
    TIM_OC1PreloadConfig                     0x08001bc1   Thumb Code    18  stm32f10x_tim.o(.text)
    TIM_OC2PreloadConfig                     0x08001bd3   Thumb Code    26  stm32f10x_tim.o(.text)
    TIM_OC3PreloadConfig                     0x08001bed   Thumb Code    18  stm32f10x_tim.o(.text)
    TIM_OC4PreloadConfig                     0x08001bff   Thumb Code    26  stm32f10x_tim.o(.text)
    TIM_OC1FastConfig                        0x08001c19   Thumb Code    18  stm32f10x_tim.o(.text)
    TIM_OC2FastConfig                        0x08001c2b   Thumb Code    26  stm32f10x_tim.o(.text)
    TIM_OC3FastConfig                        0x08001c45   Thumb Code    18  stm32f10x_tim.o(.text)
    TIM_OC4FastConfig                        0x08001c57   Thumb Code    26  stm32f10x_tim.o(.text)
    TIM_ClearOC1Ref                          0x08001c71   Thumb Code    18  stm32f10x_tim.o(.text)
    TIM_ClearOC2Ref                          0x08001c83   Thumb Code    24  stm32f10x_tim.o(.text)
    TIM_ClearOC3Ref                          0x08001c9b   Thumb Code    18  stm32f10x_tim.o(.text)
    TIM_ClearOC4Ref                          0x08001cad   Thumb Code    24  stm32f10x_tim.o(.text)
    TIM_OC1PolarityConfig                    0x08001cc5   Thumb Code    18  stm32f10x_tim.o(.text)
    TIM_OC1NPolarityConfig                   0x08001cd7   Thumb Code    18  stm32f10x_tim.o(.text)
    TIM_OC2PolarityConfig                    0x08001ce9   Thumb Code    26  stm32f10x_tim.o(.text)
    TIM_OC2NPolarityConfig                   0x08001d03   Thumb Code    26  stm32f10x_tim.o(.text)
    TIM_OC3PolarityConfig                    0x08001d1d   Thumb Code    26  stm32f10x_tim.o(.text)
    TIM_OC3NPolarityConfig                   0x08001d37   Thumb Code    26  stm32f10x_tim.o(.text)
    TIM_OC4PolarityConfig                    0x08001d51   Thumb Code    26  stm32f10x_tim.o(.text)
    TIM_CCxCmd                               0x08001d6b   Thumb Code    30  stm32f10x_tim.o(.text)
    TIM_CCxNCmd                              0x08001d89   Thumb Code    30  stm32f10x_tim.o(.text)
    TIM_SelectOCxM                           0x08001da7   Thumb Code    82  stm32f10x_tim.o(.text)
    TIM_UpdateDisableConfig                  0x08001df9   Thumb Code    24  stm32f10x_tim.o(.text)
    TIM_UpdateRequestConfig                  0x08001e11   Thumb Code    24  stm32f10x_tim.o(.text)
    TIM_SelectHallSensor                     0x08001e29   Thumb Code    24  stm32f10x_tim.o(.text)
    TIM_SelectOnePulseMode                   0x08001e41   Thumb Code    18  stm32f10x_tim.o(.text)
    TIM_SelectOutputTrigger                  0x08001e53   Thumb Code    18  stm32f10x_tim.o(.text)
    TIM_SelectSlaveMode                      0x08001e65   Thumb Code    18  stm32f10x_tim.o(.text)
    TIM_SelectMasterSlaveMode                0x08001e77   Thumb Code    18  stm32f10x_tim.o(.text)
    TIM_SetCounter                           0x08001e89   Thumb Code     4  stm32f10x_tim.o(.text)
    TIM_SetAutoreload                        0x08001e8d   Thumb Code     4  stm32f10x_tim.o(.text)
    TIM_SetCompare1                          0x08001e91   Thumb Code     4  stm32f10x_tim.o(.text)
    TIM_SetCompare2                          0x08001e95   Thumb Code     4  stm32f10x_tim.o(.text)
    TIM_SetCompare3                          0x08001e99   Thumb Code     4  stm32f10x_tim.o(.text)
    TIM_SetCompare4                          0x08001e9d   Thumb Code     6  stm32f10x_tim.o(.text)
    TIM_SetClockDivision                     0x08001ea3   Thumb Code    18  stm32f10x_tim.o(.text)
    TIM_GetCapture1                          0x08001eb5   Thumb Code     6  stm32f10x_tim.o(.text)
    TIM_GetCapture2                          0x08001ebb   Thumb Code     6  stm32f10x_tim.o(.text)
    TIM_GetCapture3                          0x08001ec1   Thumb Code     6  stm32f10x_tim.o(.text)
    TIM_GetCapture4                          0x08001ec7   Thumb Code     8  stm32f10x_tim.o(.text)
    TIM_GetCounter                           0x08001ecf   Thumb Code     6  stm32f10x_tim.o(.text)
    TIM_GetPrescaler                         0x08001ed5   Thumb Code     6  stm32f10x_tim.o(.text)
    TIM_GetFlagStatus                        0x08001edb   Thumb Code    18  stm32f10x_tim.o(.text)
    TIM_ClearFlag                            0x08001eed   Thumb Code     6  stm32f10x_tim.o(.text)
    TIM_GetITStatus                          0x08001ef3   Thumb Code    34  stm32f10x_tim.o(.text)
    TIM_ClearITPendingBit                    0x08001f15   Thumb Code     6  stm32f10x_tim.o(.text)
    USART_DeInit                             0x08001f1d   Thumb Code   134  stm32f10x_usart.o(.text)
    USART_Init                               0x08001fa3   Thumb Code   210  stm32f10x_usart.o(.text)
    USART_StructInit                         0x08002075   Thumb Code    24  stm32f10x_usart.o(.text)
    USART_ClockInit                          0x0800208d   Thumb Code    34  stm32f10x_usart.o(.text)
    USART_ClockStructInit                    0x080020af   Thumb Code    12  stm32f10x_usart.o(.text)
    USART_Cmd                                0x080020bb   Thumb Code    24  stm32f10x_usart.o(.text)
    USART_ITConfig                           0x080020d3   Thumb Code    74  stm32f10x_usart.o(.text)
    USART_DMACmd                             0x0800211d   Thumb Code    18  stm32f10x_usart.o(.text)
    USART_SetAddress                         0x0800212f   Thumb Code    18  stm32f10x_usart.o(.text)
    USART_WakeUpConfig                       0x08002141   Thumb Code    18  stm32f10x_usart.o(.text)
    USART_ReceiverWakeUpCmd                  0x08002153   Thumb Code    24  stm32f10x_usart.o(.text)
    USART_LINBreakDetectLengthConfig         0x0800216b   Thumb Code    18  stm32f10x_usart.o(.text)
    USART_LINCmd                             0x0800217d   Thumb Code    24  stm32f10x_usart.o(.text)
    USART_SendData                           0x08002195   Thumb Code     8  stm32f10x_usart.o(.text)
    USART_ReceiveData                        0x0800219d   Thumb Code    10  stm32f10x_usart.o(.text)
    USART_SendBreak                          0x080021a7   Thumb Code    10  stm32f10x_usart.o(.text)
    USART_SetGuardTime                       0x080021b1   Thumb Code    16  stm32f10x_usart.o(.text)
    USART_SetPrescaler                       0x080021c1   Thumb Code    16  stm32f10x_usart.o(.text)
    USART_SmartCardCmd                       0x080021d1   Thumb Code    24  stm32f10x_usart.o(.text)
    USART_SmartCardNACKCmd                   0x080021e9   Thumb Code    24  stm32f10x_usart.o(.text)
    USART_HalfDuplexCmd                      0x08002201   Thumb Code    24  stm32f10x_usart.o(.text)
    USART_OverSampling8Cmd                   0x08002219   Thumb Code    22  stm32f10x_usart.o(.text)
    USART_OneBitMethodCmd                    0x0800222f   Thumb Code    24  stm32f10x_usart.o(.text)
    USART_IrDAConfig                         0x08002247   Thumb Code    18  stm32f10x_usart.o(.text)
    USART_IrDACmd                            0x08002259   Thumb Code    24  stm32f10x_usart.o(.text)
    USART_GetFlagStatus                      0x08002271   Thumb Code    26  stm32f10x_usart.o(.text)
    USART_ClearFlag                          0x0800228b   Thumb Code    18  stm32f10x_usart.o(.text)
    USART_GetITStatus                        0x0800229d   Thumb Code    84  stm32f10x_usart.o(.text)
    USART_ClearITPendingBit                  0x080022f1   Thumb Code    52  stm32f10x_usart.o(.text)
    main                                     0x08002325   Thumb Code    96  main.o(.text)
    ServoSetPluseAndTime                     0x08002389   Thumb Code    58  pwm.o(.text)
    ServoPwmDutyCompare                      0x080023c3   Thumb Code   254  pwm.o(.text)
    InitTimer3                               0x080024c1   Thumb Code    92  pwm.o(.text)
    InitPWM                                  0x0800251d   Thumb Code   114  pwm.o(.text)
    Timer3ARRValue                           0x0800258f   Thumb Code     8  pwm.o(.text)
    TIM3_IRQHandler                          0x08002597   Thumb Code   392  pwm.o(.text)
    NMI_Handler                              0x08002761   Thumb Code     2  stm32f10x_it.o(.text)
    HardFault_Handler                        0x08002763   Thumb Code     4  stm32f10x_it.o(.text)
    MemManage_Handler                        0x08002767   Thumb Code     4  stm32f10x_it.o(.text)
    BusFault_Handler                         0x0800276b   Thumb Code     4  stm32f10x_it.o(.text)
    UsageFault_Handler                       0x0800276f   Thumb Code     4  stm32f10x_it.o(.text)
    SVC_Handler                              0x08002773   Thumb Code     2  stm32f10x_it.o(.text)
    DebugMon_Handler                         0x08002775   Thumb Code     2  stm32f10x_it.o(.text)
    PendSV_Handler                           0x08002777   Thumb Code     2  stm32f10x_it.o(.text)
    SysTick_Handler                          0x08002779   Thumb Code     2  stm32f10x_it.o(.text)
    SystemInit                               0x0800285b   Thumb Code    78  system_stm32f10x.o(.text)
    SystemCoreClockUpdate                    0x080028a9   Thumb Code   142  system_stm32f10x.o(.text)
    InitUart1                                0x0800295d   Thumb Code   156  pcmsg.o(.text)
    Uart1SendData                            0x080029f9   Thumb Code    36  pcmsg.o(.text)
    UART1SendDataPacket                      0x08002a1d   Thumb Code    52  pcmsg.o(.text)
    USART1_IRQHandler                        0x08002a51   Thumb Code   204  pcmsg.o(.text)
    McuToPCSendData                          0x08002b1d   Thumb Code    56  pcmsg.o(.text)
    SaveAct                                  0x08002b69   Thumb Code   108  pcmsg.o(.text)
    FlashEraseAll                            0x08002bd5   Thumb Code    42  pcmsg.o(.text)
    TaskPCMsgHandle                          0x08002bff   Thumb Code   232  pcmsg.o(.text)
    InitMemory                               0x08002ce7   Thumb Code    74  pcmsg.o(.text)
    InitDelay                                0x08002d65   Thumb Code    52  app.o(.text)
    DelayMs                                  0x08002d99   Thumb Code    56  app.o(.text)
    DelayUs                                  0x08002dd1   Thumb Code    56  app.o(.text)
    InitLED                                  0x08002e09   Thumb Code    40  app.o(.text)
    InitKey                                  0x08002e31   Thumb Code    34  app.o(.text)
    InitBuzzer                               0x08002e53   Thumb Code    40  app.o(.text)
    InitTimer2                               0x08002e7b   Thumb Code    94  app.o(.text)
    InitADC                                  0x08002ed9   Thumb Code   140  app.o(.text)
    GetADCResult                             0x08002f65   Thumb Code    46  app.o(.text)
    CheckBatteryVoltage                      0x08002f93   Thumb Code    40  app.o(.text)
    GetBatteryVoltage                        0x08002fbb   Thumb Code     6  app.o(.text)
    Buzzer                                   0x08002fc1   Thumb Code   132  app.o(.text)
    TIM2_IRQHandler                          0x08003045   Thumb Code   114  app.o(.text)
    TaskTimeHandle                           0x080030b7   Thumb Code    70  app.o(.text)
    TaskRun                                  0x080030fd   Thumb Code   492  app.o(.text)
    FullActRun                               0x080032ed   Thumb Code   106  robotrun.o(.text)
    FullActStop                              0x08003357   Thumb Code    24  robotrun.o(.text)
    ActSubFrameRun                           0x0800336f   Thumb Code   140  robotrun.o(.text)
    TaskRobotRun                             0x080033fb   Thumb Code   150  robotrun.o(.text)
    SPIx_ReadWriteByte                       0x080034b5   Thumb Code    78  flash.o(.text)
    InitSpi                                  0x08003503   Thumb Code   148  flash.o(.text)
    InitFlash                                0x08003597   Thumb Code    14  flash.o(.text)
    SPI_Flash_ReadSR                         0x080035a5   Thumb Code    36  flash.o(.text)
    SPI_Flash_Wait_Busy                      0x080035c9   Thumb Code    18  flash.o(.text)
    SPI_FLASH_Write_Enable                   0x080035db   Thumb Code    24  flash.o(.text)
    FlashEraseSector                         0x080035f3   Thumb Code    60  flash.o(.text)
    FlashRead                                0x0800362f   Thumb Code    74  flash.o(.text)
    FlashWrite                               0x08003679   Thumb Code    80  flash.o(.text)
    PS2_Cmd                                  0x080036e9   Thumb Code   120  ps2gamepad.o(.text)
    PS2_ExitConfing                          0x08003761   Thumb Code    86  ps2gamepad.o(.text)
    PS2_VibrationMode                        0x080037b7   Thumb Code    62  ps2gamepad.o(.text)
    PS2_TurnOnAnalogMode                     0x080037f5   Thumb Code    86  ps2gamepad.o(.text)
    PS2_EnterConfing                         0x0800384b   Thumb Code    86  ps2gamepad.o(.text)
    PS2_ShortPoll                            0x080038a1   Thumb Code    62  ps2gamepad.o(.text)
    PS2_SetInit                              0x080038df   Thumb Code    38  ps2gamepad.o(.text)
    InitPS2                                  0x08003905   Thumb Code   106  ps2gamepad.o(.text)
    PS2_RedLight                             0x0800396f   Thumb Code    50  ps2gamepad.o(.text)
    PS2_ReadData                             0x080039a1   Thumb Code   150  ps2gamepad.o(.text)
    PS2_ClearData                            0x08003a37   Thumb Code    20  ps2gamepad.o(.text)
    PS2_DataKey                              0x08003a4b   Thumb Code    70  ps2gamepad.o(.text)
    PS2_AnologData                           0x08003a91   Thumb Code     8  ps2gamepad.o(.text)
    PS2_Vibration                            0x08003a99   Thumb Code   132  ps2gamepad.o(.text)
    InitUart3                                0x08003b1d   Thumb Code   162  bluetooth.o(.text)
    USART3_IRQHandler                        0x08003bbf   Thumb Code   172  bluetooth.o(.text)
    USART3SendDataPacket                     0x08003c6b   Thumb Code    52  bluetooth.o(.text)
    TaskBLEMsgHandle                         0x08003cb3   Thumb Code   166  bluetooth.o(.text)
    InitUart2                                0x08003d7d   Thumb Code   158  busservoctrl.o(.text)
    InitBusServoCtrl                         0x08003e1b   Thumb Code    56  busservoctrl.o(.text)
    USART2SendDataPacket                     0x08003e53   Thumb Code    52  busservoctrl.o(.text)
    USART2_IRQHandler                        0x08003e87   Thumb Code    24  busservoctrl.o(.text)
    BusServoCtrl                             0x08003e9f   Thumb Code   138  busservoctrl.o(.text)
    __use_two_region_memory                  0x08003f39   Thumb Code     2  heapauxi.o(.text)
    __rt_heap_escrow$2region                 0x08003f3b   Thumb Code     2  heapauxi.o(.text)
    __rt_heap_expand$2region                 0x08003f3d   Thumb Code     2  heapauxi.o(.text)
    __user_setup_stackheap                   0x08003f3f   Thumb Code    74  sys_stackheap_outer.o(.text)
    exit                                     0x08003f89   Thumb Code    18  exit.o(.text)
    __user_libspace                          0x08003f9d   Thumb Code     8  libspace.o(.text)
    __user_perproc_libspace                  0x08003f9d   Thumb Code     0  libspace.o(.text)
    __user_perthread_libspace                0x08003f9d   Thumb Code     0  libspace.o(.text)
    _sys_exit                                0x08003fa5   Thumb Code     8  sys_exit.o(.text)
    __I$use$semihosting                      0x08003fb1   Thumb Code     0  use_no_semi.o(.text)
    __use_no_semihosting_swi                 0x08003fb1   Thumb Code     2  use_no_semi.o(.text)
    __semihosting_library_function           0x08003fb3   Thumb Code     0  indicate_semi.o(.text)
    __aeabi_fdiv                             0x08003fb5   Thumb Code     0  fdiv.o(x$fpl$fdiv)
    _fdiv                                    0x08003fb5   Thumb Code   384  fdiv.o(x$fpl$fdiv)
    __aeabi_f2iz                             0x08004139   Thumb Code     0  ffix.o(x$fpl$ffix)
    _ffix                                    0x08004139   Thumb Code    54  ffix.o(x$fpl$ffix)
    __aeabi_i2f                              0x08004171   Thumb Code     0  fflt_clz.o(x$fpl$fflt)
    _fflt                                    0x08004171   Thumb Code    48  fflt_clz.o(x$fpl$fflt)
    __aeabi_ui2f                             0x080041a1   Thumb Code     0  fflt_clz.o(x$fpl$ffltu)
    _ffltu                                   0x080041a1   Thumb Code    38  fflt_clz.o(x$fpl$ffltu)
    __aeabi_fmul                             0x080041c9   Thumb Code     0  fmul.o(x$fpl$fmul)
    _fmul                                    0x080041c9   Thumb Code   258  fmul.o(x$fpl$fmul)
    __fpl_fnaninf                            0x080042cb   Thumb Code   140  fnaninf.o(x$fpl$fnaninf)
    __fpl_fretinf                            0x08004357   Thumb Code    10  fretinf.o(x$fpl$fretinf)
    Region$$Table$$Base                      0x08004360   Number         0  anon$$obj.o(Region$$Table)
    __I$use$fp                               0x08004360   Number         0  usenofp.o(x$fpl$usenofp)
    Region$$Table$$Limit                     0x08004380   Number         0  anon$$obj.o(Region$$Table)
    ServoPwmDuty                             0x20000014   Data          16  pwm.o(.data)
    ServoPwmDutySet                          0x20000024   Data          16  pwm.o(.data)
    ServoPwmDutyHaveChange                   0x20000034   Data           1  pwm.o(.data)
    ServoTime                                0x20000036   Data           2  pwm.o(.data)
    SystemCoreClock                          0x20000040   Data           4  system_stm32f10x.o(.data)
    AHBPrescTable                            0x20000044   Data          16  system_stm32f10x.o(.data)
    gSystemTickCount                         0x2000005c   Data           4  app.o(.data)
    BuzzerState                              0x20000060   Data           1  app.o(.data)
    Ps2TimeCount                             0x20000062   Data           2  app.o(.data)
    BatteryVoltage                           0x20000064   Data           2  app.o(.data)
    fRobotRun                                0x20000088   Data           1  robotrun.o(.data)
    ActFullNum                               0x20000089   Data           1  robotrun.o(.data)
    ActFullRunTimesSum                       0x2000008c   Data           4  robotrun.o(.data)
    ActFullRunTimes                          0x20000090   Data           4  robotrun.o(.data)
    TimeActionRunTotal                       0x20000094   Data           4  robotrun.o(.data)
    fFrameRunFinish                          0x20000098   Data           1  robotrun.o(.data)
    FrameIndexSum                            0x20000099   Data           1  robotrun.o(.data)
    FrameIndex                               0x2000009a   Data           1  robotrun.o(.data)
    Handkey                                  0x2000009c   Data           2  ps2gamepad.o(.data)
    Comd                                     0x2000009e   Data           2  ps2gamepad.o(.data)
    MASK                                     0x200000a0   Data          32  ps2gamepad.o(.data)
    ServoPwmDutyInc                          0x200000c8   Data          32  pwm.o(.bss)
    Uart1RxBuffer                            0x200001ec   Data         260  pcmsg.o(.bss)
    frameIndexSumSum                         0x200002f0   Data         256  pcmsg.o(.bss)
    SPI_InitStructure                        0x200003f0   Data          18  flash.o(.bss)
    Data                                     0x20000402   Data           9  ps2gamepad.o(.bss)
    __libspace_start                         0x20000510   Data          96  libspace.o(.bss)
    __temporary_stack_top$libspace           0x20000570   Data           0  libspace.o(.bss)



==============================================================================

Memory Map of the image

  Image Entry point : 0x080000ed

  Load Region LR_IROM1 (Base: 0x08000000, Size: 0x00004448, Max: 0x00020000, ABSOLUTE)

    Execution Region ER_IROM1 (Exec base: 0x08000000, Load base: 0x08000000, Size: 0x00004380, Max: 0x00020000, ABSOLUTE)

    Exec Addr    Load Addr    Size         Type   Attr      Idx    E Section Name        Object

    0x08000000   0x08000000   0x000000ec   Data   RO           19    RESET               startup_stm32f10x_md.o
    0x080000ec   0x080000ec   0x00000008   Code   RO          634  * !!!main             c_w.l(__main.o)
    0x080000f4   0x080000f4   0x00000034   Code   RO          812    !!!scatter          c_w.l(__scatter.o)
    0x08000128   0x08000128   0x0000001a   Code   RO          814    !!handler_copy      c_w.l(__scatter_copy.o)
    0x08000142   0x08000142   0x00000002   PAD
    0x08000144   0x08000144   0x0000001c   Code   RO          816    !!handler_zi        c_w.l(__scatter_zi.o)
    0x08000160   0x08000160   0x00000002   Code   RO          682    .ARM.Collect$$libinit$$00000000  c_w.l(libinit.o)
    0x08000162   0x08000162   0x00000000   Code   RO          689    .ARM.Collect$$libinit$$00000002  c_w.l(libinit2.o)
    0x08000162   0x08000162   0x00000000   Code   RO          691    .ARM.Collect$$libinit$$00000004  c_w.l(libinit2.o)
    0x08000162   0x08000162   0x00000000   Code   RO          694    .ARM.Collect$$libinit$$0000000A  c_w.l(libinit2.o)
    0x08000162   0x08000162   0x00000000   Code   RO          696    .ARM.Collect$$libinit$$0000000C  c_w.l(libinit2.o)
    0x08000162   0x08000162   0x00000000   Code   RO          698    .ARM.Collect$$libinit$$0000000E  c_w.l(libinit2.o)
    0x08000162   0x08000162   0x00000000   Code   RO          701    .ARM.Collect$$libinit$$00000011  c_w.l(libinit2.o)
    0x08000162   0x08000162   0x00000000   Code   RO          703    .ARM.Collect$$libinit$$00000013  c_w.l(libinit2.o)
    0x08000162   0x08000162   0x00000000   Code   RO          705    .ARM.Collect$$libinit$$00000015  c_w.l(libinit2.o)
    0x08000162   0x08000162   0x00000000   Code   RO          707    .ARM.Collect$$libinit$$00000017  c_w.l(libinit2.o)
    0x08000162   0x08000162   0x00000000   Code   RO          709    .ARM.Collect$$libinit$$00000019  c_w.l(libinit2.o)
    0x08000162   0x08000162   0x00000000   Code   RO          711    .ARM.Collect$$libinit$$0000001B  c_w.l(libinit2.o)
    0x08000162   0x08000162   0x00000000   Code   RO          713    .ARM.Collect$$libinit$$0000001D  c_w.l(libinit2.o)
    0x08000162   0x08000162   0x00000000   Code   RO          715    .ARM.Collect$$libinit$$0000001F  c_w.l(libinit2.o)
    0x08000162   0x08000162   0x00000000   Code   RO          717    .ARM.Collect$$libinit$$00000021  c_w.l(libinit2.o)
    0x08000162   0x08000162   0x00000000   Code   RO          719    .ARM.Collect$$libinit$$00000023  c_w.l(libinit2.o)
    0x08000162   0x08000162   0x00000000   Code   RO          721    .ARM.Collect$$libinit$$00000025  c_w.l(libinit2.o)
    0x08000162   0x08000162   0x00000000   Code   RO          725    .ARM.Collect$$libinit$$0000002C  c_w.l(libinit2.o)
    0x08000162   0x08000162   0x00000000   Code   RO          727    .ARM.Collect$$libinit$$0000002E  c_w.l(libinit2.o)
    0x08000162   0x08000162   0x00000000   Code   RO          729    .ARM.Collect$$libinit$$00000030  c_w.l(libinit2.o)
    0x08000162   0x08000162   0x00000000   Code   RO          731    .ARM.Collect$$libinit$$00000032  c_w.l(libinit2.o)
    0x08000162   0x08000162   0x00000002   Code   RO          732    .ARM.Collect$$libinit$$00000033  c_w.l(libinit2.o)
    0x08000164   0x08000164   0x00000002   Code   RO          752    .ARM.Collect$$libshutdown$$00000000  c_w.l(libshutdown.o)
    0x08000166   0x08000166   0x00000000   Code   RO          765    .ARM.Collect$$libshutdown$$00000002  c_w.l(libshutdown2.o)
    0x08000166   0x08000166   0x00000000   Code   RO          767    .ARM.Collect$$libshutdown$$00000004  c_w.l(libshutdown2.o)
    0x08000166   0x08000166   0x00000000   Code   RO          770    .ARM.Collect$$libshutdown$$00000007  c_w.l(libshutdown2.o)
    0x08000166   0x08000166   0x00000000   Code   RO          773    .ARM.Collect$$libshutdown$$0000000A  c_w.l(libshutdown2.o)
    0x08000166   0x08000166   0x00000000   Code   RO          775    .ARM.Collect$$libshutdown$$0000000C  c_w.l(libshutdown2.o)
    0x08000166   0x08000166   0x00000000   Code   RO          778    .ARM.Collect$$libshutdown$$0000000F  c_w.l(libshutdown2.o)
    0x08000166   0x08000166   0x00000002   Code   RO          779    .ARM.Collect$$libshutdown$$00000010  c_w.l(libshutdown2.o)
    0x08000168   0x08000168   0x00000000   Code   RO          652    .ARM.Collect$$rtentry$$00000000  c_w.l(__rtentry.o)
    0x08000168   0x08000168   0x00000000   Code   RO          659    .ARM.Collect$$rtentry$$00000002  c_w.l(__rtentry2.o)
    0x08000168   0x08000168   0x00000006   Code   RO          671    .ARM.Collect$$rtentry$$00000004  c_w.l(__rtentry4.o)
    0x0800016e   0x0800016e   0x00000000   Code   RO          661    .ARM.Collect$$rtentry$$00000009  c_w.l(__rtentry2.o)
    0x0800016e   0x0800016e   0x00000004   Code   RO          662    .ARM.Collect$$rtentry$$0000000A  c_w.l(__rtentry2.o)
    0x08000172   0x08000172   0x00000000   Code   RO          664    .ARM.Collect$$rtentry$$0000000C  c_w.l(__rtentry2.o)
    0x08000172   0x08000172   0x00000008   Code   RO          665    .ARM.Collect$$rtentry$$0000000D  c_w.l(__rtentry2.o)
    0x0800017a   0x0800017a   0x00000002   Code   RO          686    .ARM.Collect$$rtexit$$00000000  c_w.l(rtexit.o)
    0x0800017c   0x0800017c   0x00000000   Code   RO          734    .ARM.Collect$$rtexit$$00000002  c_w.l(rtexit2.o)
    0x0800017c   0x0800017c   0x00000004   Code   RO          735    .ARM.Collect$$rtexit$$00000003  c_w.l(rtexit2.o)
    0x08000180   0x08000180   0x00000006   Code   RO          736    .ARM.Collect$$rtexit$$00000004  c_w.l(rtexit2.o)
    0x08000186   0x08000186   0x00000002   PAD
    0x08000188   0x08000188   0x00000040   Code   RO           20    .text               startup_stm32f10x_md.o
    0x080001c8   0x080001c8   0x000000dc   Code   RO           24    .text               misc.o
    0x080002a4   0x080002a4   0x0000044e   Code   RO          119    .text               stm32f10x_adc.o
    0x080006f2   0x080006f2   0x00000002   PAD
    0x080006f4   0x080006f4   0x0000035c   Code   RO          251    .text               stm32f10x_gpio.o
    0x08000a50   0x08000a50   0x000003a4   Code   RO          299    .text               stm32f10x_rcc.o
    0x08000df4   0x08000df4   0x0000030c   Code   RO          337    .text               stm32f10x_spi.o
    0x08001100   0x08001100   0x00000e1a   Code   RO          349    .text               stm32f10x_tim.o
    0x08001f1a   0x08001f1a   0x00000002   PAD
    0x08001f1c   0x08001f1c   0x00000408   Code   RO          361    .text               stm32f10x_usart.o
    0x08002324   0x08002324   0x00000064   Code   RO          385    .text               main.o
    0x08002388   0x08002388   0x000003d8   Code   RO          452    .text               pwm.o
    0x08002760   0x08002760   0x0000001a   Code   RO          471    .text               stm32f10x_it.o
    0x0800277a   0x0800277a   0x00000002   PAD
    0x0800277c   0x0800277c   0x000001e0   Code   RO          505    .text               system_stm32f10x.o
    0x0800295c   0x0800295c   0x00000408   Code   RO          523    .text               pcmsg.o
    0x08002d64   0x08002d64   0x00000588   Code   RO          539    .text               app.o
    0x080032ec   0x080032ec   0x000001c8   Code   RO          557    .text               robotrun.o
    0x080034b4   0x080034b4   0x00000228   Code   RO          572    .text               flash.o
    0x080036dc   0x080036dc   0x00000440   Code   RO          587    .text               ps2gamepad.o
    0x08003b1c   0x08003b1c   0x00000260   Code   RO          603    .text               bluetooth.o
    0x08003d7c   0x08003d7c   0x000001bc   Code   RO          618    .text               busservoctrl.o
    0x08003f38   0x08003f38   0x00000006   Code   RO          632    .text               c_w.l(heapauxi.o)
    0x08003f3e   0x08003f3e   0x0000004a   Code   RO          673    .text               c_w.l(sys_stackheap_outer.o)
    0x08003f88   0x08003f88   0x00000012   Code   RO          675    .text               c_w.l(exit.o)
    0x08003f9a   0x08003f9a   0x00000002   PAD
    0x08003f9c   0x08003f9c   0x00000008   Code   RO          683    .text               c_w.l(libspace.o)
    0x08003fa4   0x08003fa4   0x0000000c   Code   RO          744    .text               c_w.l(sys_exit.o)
    0x08003fb0   0x08003fb0   0x00000002   Code   RO          755    .text               c_w.l(use_no_semi.o)
    0x08003fb2   0x08003fb2   0x00000000   Code   RO          757    .text               c_w.l(indicate_semi.o)
    0x08003fb2   0x08003fb2   0x00000002   PAD
    0x08003fb4   0x08003fb4   0x00000184   Code   RO          637    x$fpl$fdiv          fz_ws.l(fdiv.o)
    0x08004138   0x08004138   0x00000036   Code   RO          640    x$fpl$ffix          fz_ws.l(ffix.o)
    0x0800416e   0x0800416e   0x00000002   PAD
    0x08004170   0x08004170   0x00000030   Code   RO          645    x$fpl$fflt          fz_ws.l(fflt_clz.o)
    0x080041a0   0x080041a0   0x00000026   Code   RO          644    x$fpl$ffltu         fz_ws.l(fflt_clz.o)
    0x080041c6   0x080041c6   0x00000002   PAD
    0x080041c8   0x080041c8   0x00000102   Code   RO          650    x$fpl$fmul          fz_ws.l(fmul.o)
    0x080042ca   0x080042ca   0x0000008c   Code   RO          653    x$fpl$fnaninf       fz_ws.l(fnaninf.o)
    0x08004356   0x08004356   0x0000000a   Code   RO          655    x$fpl$fretinf       fz_ws.l(fretinf.o)
    0x08004360   0x08004360   0x00000000   Code   RO          657    x$fpl$usenofp       fz_ws.l(usenofp.o)
    0x08004360   0x08004360   0x00000020   Data   RO          810    Region$$Table       anon$$obj.o


    Execution Region RW_IRAM1 (Exec base: 0x20000000, Load base: 0x08004380, Size: 0x00000b70, Max: 0x00005000, ABSOLUTE)

    Exec Addr    Load Addr    Size         Type   Attr      Idx    E Section Name        Object

    0x20000000   0x08004380   0x00000014   Data   RW          300    .data               stm32f10x_rcc.o
    0x20000014   0x08004394   0x0000002a   Data   RW          454    .data               pwm.o
    0x2000003e   0x080043be   0x00000002   PAD
    0x20000040   0x080043c0   0x00000014   Data   RW          506    .data               system_stm32f10x.o
    0x20000054   0x080043d4   0x00000005   Data   RW          525    .data               pcmsg.o
    0x20000059   0x080043d9   0x00000003   PAD
    0x2000005c   0x080043dc   0x00000029   Data   RW          540    .data               app.o
    0x20000085   0x08004405   0x00000003   PAD
    0x20000088   0x08004408   0x00000013   Data   RW          558    .data               robotrun.o
    0x2000009b   0x0800441b   0x00000001   PAD
    0x2000009c   0x0800441c   0x00000024   Data   RW          589    .data               ps2gamepad.o
    0x200000c0   0x08004440   0x00000005   Data   RW          605    .data               bluetooth.o
    0x200000c5   0x08004445   0x00000003   PAD
    0x200000c8        -       0x00000020   Zero   RW          453    .bss                pwm.o
    0x200000e8        -       0x00000308   Zero   RW          524    .bss                pcmsg.o
    0x200003f0        -       0x00000012   Zero   RW          573    .bss                flash.o
    0x20000402        -       0x00000009   Zero   RW          588    .bss                ps2gamepad.o
    0x2000040b        -       0x00000104   Zero   RW          604    .bss                bluetooth.o
    0x2000050f   0x08004445   0x00000001   PAD
    0x20000510        -       0x00000060   Zero   RW          684    .bss                c_w.l(libspace.o)
    0x20000570        -       0x00000200   Zero   RW           18    HEAP                startup_stm32f10x_md.o
    0x20000770        -       0x00000400   Zero   RW           17    STACK               startup_stm32f10x_md.o


==============================================================================

Image component sizes


      Code (inc. data)   RO Data    RW Data    ZI Data      Debug   Object Name

      1416        102          0         41          0       3934   app.o
       608         36          0          5        260       2460   bluetooth.o
       444         16          0          0          0       2025   busservoctrl.o
         0          0          0          0          0       4540   core_cm3.o
       552         20          0          0         18       2809   flash.o
       100          4          0          0          0     215299   main.o
       220         22          0          0          0     264681   misc.o
      1032         52          0          5        776       4010   pcmsg.o
      1088         40          0         36          9       3942   ps2gamepad.o
       984         84          0         42         32       2517   pwm.o
       456         36          0         19          0       2139   robotrun.o
        64         26        236          0       1536        784   startup_stm32f10x_md.o
      1102         26          0          0          0      11041   stm32f10x_adc.o
       860         38          0          0          0       5737   stm32f10x_gpio.o
        26          0          0          0          0       1202   stm32f10x_it.o
       932         36          0         20          0       8920   stm32f10x_rcc.o
       780         14          0          0          0       6614   stm32f10x_spi.o
      3610         88          0          0          0      22844   stm32f10x_tim.o
      1032         22          0          0          0       8460   stm32f10x_usart.o
       480         38          0         20          0       1791   system_stm32f10x.o

    ----------------------------------------------------------------------
     15792        700        268        200       2632     575749   Object Totals
         0          0         32          0          0          0   (incl. Generated)
         6          0          0         12          1          0   (incl. Padding)

    ----------------------------------------------------------------------

      Code (inc. data)   RO Data    RW Data    ZI Data      Debug   Library Member Name

         8          0          0          0          0         68   __main.o
         0          0          0          0          0          0   __rtentry.o
        12          0          0          0          0          0   __rtentry2.o
         6          0          0          0          0          0   __rtentry4.o
        52          8          0          0          0          0   __scatter.o
        26          0          0          0          0          0   __scatter_copy.o
        28          0          0          0          0          0   __scatter_zi.o
        18          0          0          0          0         80   exit.o
         6          0          0          0          0        152   heapauxi.o
         0          0          0          0          0          0   indicate_semi.o
         2          0          0          0          0          0   libinit.o
         2          0          0          0          0          0   libinit2.o
         2          0          0          0          0          0   libshutdown.o
         2          0          0          0          0          0   libshutdown2.o
         8          4          0          0         96         68   libspace.o
         2          0          0          0          0          0   rtexit.o
        10          0          0          0          0          0   rtexit2.o
        12          4          0          0          0         68   sys_exit.o
        74          0          0          0          0         80   sys_stackheap_outer.o
         2          0          0          0          0         68   use_no_semi.o
       388         76          0          0          0         96   fdiv.o
        54          4          0          0          0         84   ffix.o
        86          0          0          0          0        136   fflt_clz.o
       258          4          0          0          0         84   fmul.o
       140          4          0          0          0         84   fnaninf.o
        10          0          0          0          0         68   fretinf.o
         0          0          0          0          0          0   usenofp.o

    ----------------------------------------------------------------------
      1220        104          0          0         96       1136   Library Totals
        12          0          0          0          0          0   (incl. Padding)

    ----------------------------------------------------------------------

      Code (inc. data)   RO Data    RW Data    ZI Data      Debug   Library Name

       272         16          0          0         96        584   c_w.l
       936         88          0          0          0        552   fz_ws.l

    ----------------------------------------------------------------------
      1220        104          0          0         96       1136   Library Totals

    ----------------------------------------------------------------------

==============================================================================


      Code (inc. data)   RO Data    RW Data    ZI Data      Debug   

     17012        804        268        200       2728     574541   Grand Totals
     17012        804        268        200       2728     574541   ELF Image Totals
     17012        804        268        200          0          0   ROM Totals

==============================================================================

    Total RO  Size (Code + RO Data)                17280 (  16.88kB)
    Total RW  Size (RW Data + ZI Data)              2928 (   2.86kB)
    Total ROM Size (Code + RO Data + RW Data)      17480 (  17.07kB)

==============================================================================

